<html>
<body>
<pre>
<h1>µVision Build Log</h1>
<h2>Project:</h2>
C:\Users\student\Desktop\Moduly\MaciejewskiModuly.uvproj
Project File Date:  05/16/2019

<h2>Output:</h2>
Build target 'Target 1'
assembling Startup.s...
compiling main.c...
led.h(4): warning:  #231-D: declaration is not visible outside of function
keyboard.h(4): warning:  #1-D: last line of file ends without a newline
main.c(74): error:  #167: argument of type "int" is incompatible with parameter of type "enum Direction"
main.c(78): error:  #167: argument of type "int" is incompatible with parameter of type "enum Direction"
compiling led.c...
led.h(4): warning:  #231-D: declaration is not visible outside of function
led.c(39): warning:  #1294-D: Old-style function LedStep
led.c(64): warning:  #1-D: last line of file ends without a newline
led.c: Internal fault: [0x2732f5:5030076] in LedStep
led.c: Please contact your supplier.
".\MaciejewskiModuly.axf" - 4 Errors, 5 Warning(s).
Target not created
Build target 'Target 1'
compiling main.c...
keyboard.h(4): warning:  #1-D: last line of file ends without a newline
compiling led.c...
led.c(39): warning:  #1294-D: Old-style function LedStep
led.c(39): error:  #147-D: declaration is incompatible with "void LedStep(enum LedState)" (declared at line 4 of "led.h")
led.c(64): warning:  #1-D: last line of file ends without a newline
compiling keyboard.c...
keyboard.h(4): warning:  #1-D: last line of file ends without a newline
".\MaciejewskiModuly.axf" - 1 Errors, 4 Warning(s).
Target not created
Build target 'Target 1'
compiling main.c...
led.h(4): error:  #92: identifier-list parameters may only be used in a function definition
keyboard.h(4): warning:  #1-D: last line of file ends without a newline
compiling led.c...
led.h(4): error:  #92: identifier-list parameters may only be used in a function definition
led.c(39): warning:  #1294-D: Old-style function LedStep
led.c(64): warning:  #1-D: last line of file ends without a newline
compiling keyboard.c...
keyboard.h(4): warning:  #1-D: last line of file ends without a newline
".\MaciejewskiModuly.axf" - 2 Errors, 4 Warning(s).
Target not created
Build target 'Target 1'
compiling main.c...
keyboard.h(4): warning:  #1-D: last line of file ends without a newline
compiling led.c...
led.c(65): warning:  #1-D: last line of file ends without a newline
linking...
.\MaciejewskiModuly.axf: Error: L6200E: Symbol uiStepPoint multiply defined (by led.o and main.o).
".\MaciejewskiModuly.axf" - 1 Errors, 2 Warning(s).
Target not created
Build target 'Target 1'
compiling main.c...
keyboard.h(4): warning:  #1-D: last line of file ends without a newline
compiling led.c...
led.c(65): warning:  #1-D: last line of file ends without a newline
linking...
Program Size: Code=1072 RO-data=32 RW-data=4 ZI-data=1260  
".\MaciejewskiModuly.axf" - 0 Errors, 2 Warning(s).
Build target 'Target 1'
linking...
Program Size: Code=1072 RO-data=32 RW-data=4 ZI-data=1260  
FromELF: creating hex file...
".\MaciejewskiModuly.axf" - 0 Errors, 0 Warning(s).
Build target 'Target 1'
linking...
Program Size: Code=1072 RO-data=32 RW-data=4 ZI-data=1260  
FromELF: creating hex file...
".\MaciejewskiModuly.axf" - 0 Errors, 0 Warning(s).
Build target 'Target 1'
compiling main.c...
keyboard.h(4): warning:  #1-D: last line of file ends without a newline
linking...
Program Size: Code=1072 RO-data=32 RW-data=4 ZI-data=1260  
FromELF: creating hex file...
".\MaciejewskiModuly.axf" - 0 Errors, 1 Warning(s).
Build target 'Target 1'
compiling led.c...
led.c(55): warning:  #1-D: last line of file ends without a newline
linking...
Program Size: Code=1072 RO-data=32 RW-data=4 ZI-data=1260  
FromELF: creating hex file...
".\MaciejewskiModuly.axf" - 0 Errors, 1 Warning(s).
Build target 'Target 1'
compiling main.c...
keyboard.h(4): warning:  #1-D: last line of file ends without a newline
compiling led.c...
led.c(55): warning:  #1-D: last line of file ends without a newline
linking...
Program Size: Code=1072 RO-data=32 RW-data=4 ZI-data=1260  
FromELF: creating hex file...
".\MaciejewskiModuly.axf" - 0 Errors, 2 Warning(s).
Build target 'Target 1'
compiling keyboard.c...
keyboard.h(4): warning:  #1-D: last line of file ends without a newline
linking...
Program Size: Code=1072 RO-data=32 RW-data=4 ZI-data=1260  
FromELF: creating hex file...
".\MaciejewskiModuly.axf" - 0 Errors, 1 Warning(s).
Rebuild target 'Target 1'
assembling Startup.s...
compiling main.c...
keyboard.h(4): warning:  #1-D: last line of file ends without a newline
compiling led.c...
led.c(55): warning:  #1-D: last line of file ends without a newline
compiling keyboard.c...
keyboard.h(4): warning:  #1-D: last line of file ends without a newline
linking...
Program Size: Code=1072 RO-data=32 RW-data=4 ZI-data=1260  
FromELF: creating hex file...
".\MaciejewskiModuly.axf" - 0 Errors, 3 Warning(s).
Rebuild target 'Target 1'
assembling Startup.s...
compiling main.c...
keyboard.h(4): warning:  #1-D: last line of file ends without a newline
compiling led.c...
led.c(57): warning:  #1-D: last line of file ends without a newline
compiling keyboard.c...
keyboard.h(4): warning:  #1-D: last line of file ends without a newline
linking...
Program Size: Code=1072 RO-data=32 RW-data=4 ZI-data=1260  
FromELF: creating hex file...
".\MaciejewskiModuly.axf" - 0 Errors, 3 Warning(s).
Rebuild target 'Target 1'
assembling Startup.s...
compiling main.c...
keyboard.h(4): warning:  #1-D: last line of file ends without a newline
compiling led.c...
led.c(57): warning:  #1-D: last line of file ends without a newline
compiling keyboard.c...
keyboard.h(4): warning:  #1-D: last line of file ends without a newline
linking...
Program Size: Code=1072 RO-data=32 RW-data=4 ZI-data=1260  
FromELF: creating hex file...
".\MaciejewskiModuly.axf" - 0 Errors, 3 Warning(s).
