<html>
<body>
<pre>
<h1>µVision Build Log</h1>
<h2>Project:</h2>
C:\Users\stasm\OneDrive\Pulpit\Automaty\1B2\Maciejewski.uvproj
Project File Date:  05/21/2019

<h2>Output:</h2>
Rebuild target 'Target 1'
assembling Startup.s...
compiling led.c...
led.c(56): warning:  #1-D: last line of file ends without a newline
compiling main.c...
linking...
Program Size: Code=1184 RO-data=32 RW-data=4 ZI-data=1260  
FromELF: creating hex file...
".\Maciejewski.axf" - 0 Errors, 1 Warning(s).
Rebuild target 'Target 1'
assembling Startup.s...
compiling led.c...
led.c(56): warning:  #1-D: last line of file ends without a newline
compiling main.c...
linking...
Program Size: Code=1184 RO-data=32 RW-data=4 ZI-data=1260  
FromELF: creating hex file...
".\Maciejewski.axf" - 0 Errors, 1 Warning(s).
Clean started: Project: 'Maciejewski'
   deleting intermediate output files for target 'Target 1'
