<html>
<body>
<pre>
<h1>µVision Build Log</h1>
<h2>Project:</h2>
C:\Users\stasm\OneDrive\Dokumenty\Timery\2\Timery.uvproj
Project File Date:  05/29/2019

<h2>Output:</h2>
Rebuild target 'Target 1'
assembling Startup.s...
compiling keyboard.c...
keyboard.h(4): warning:  #1-D: last line of file ends without a newline
compiling led.c...
led.c(57): warning:  #1-D: last line of file ends without a newline
compiling main.c...
keyboard.h(4): warning:  #1-D: last line of file ends without a newline
timer.h(4): warning:  #1-D: last line of file ends without a newline
compiling timer.c...
timer.h(4): warning:  #1-D: last line of file ends without a newline
linking...
Program Size: Code=968 RO-data=32 RW-data=4 ZI-data=1260  
".\Timery.axf" - 0 Errors, 5 Warning(s).
Rebuild target 'Target 1'
assembling Startup.s...
compiling keyboard.c...
keyboard.h(4): warning:  #1-D: last line of file ends without a newline
compiling led.c...
led.c(57): warning:  #1-D: last line of file ends without a newline
compiling main.c...
keyboard.h(4): warning:  #1-D: last line of file ends without a newline
timer.h(4): warning:  #1-D: last line of file ends without a newline
compiling timer.c...
timer.h(4): warning:  #1-D: last line of file ends without a newline
linking...
Program Size: Code=1240 RO-data=32 RW-data=4 ZI-data=1260  
FromELF: creating hex file...
".\Timery.axf" - 0 Errors, 5 Warning(s).
Clean started: Project: 'Timery'
   deleting intermediate output files for target 'Target 1'
