<html>
<body>
<pre>
<h1>µVision Build Log</h1>
<h2>Project:</h2>
C:\Users\stasm\OneDrive\Pulpit\Automaty\6\Maciejewski.uvproj
Project File Date:  05/21/2019

<h2>Output:</h2>
Clean started: Project: 'Maciejewski'
   deleting intermediate output files for target 'Target 1'
Rebuild target 'Target 1'
assembling Startup.s...
compiling keyboard.c...
keyboard.h(4): warning:  #1-D: last line of file ends without a newline
compiling led.c...
led.c(62): warning:  #1-D: last line of file ends without a newline
compiling main.c...
keyboard.h(4): warning:  #1-D: last line of file ends without a newline
linking...
Program Size: Code=1420 RO-data=32 RW-data=8 ZI-data=1256  
FromELF: creating hex file...
".\Maciejewski.axf" - 0 Errors, 3 Warning(s).
Rebuild target 'Target 1'
assembling Startup.s...
compiling keyboard.c...
keyboard.h(4): warning:  #1-D: last line of file ends without a newline
compiling led.c...
led.c(62): warning:  #1-D: last line of file ends without a newline
compiling main.c...
keyboard.h(4): warning:  #1-D: last line of file ends without a newline
linking...
Program Size: Code=1404 RO-data=32 RW-data=4 ZI-data=1260  
FromELF: creating hex file...
".\Maciejewski.axf" - 0 Errors, 3 Warning(s).
Rebuild target 'Target 1'
assembling Startup.s...
compiling keyboard.c...
keyboard.h(4): warning:  #1-D: last line of file ends without a newline
compiling led.c...
led.c(62): warning:  #1-D: last line of file ends without a newline
compiling main.c...
keyboard.h(4): warning:  #1-D: last line of file ends without a newline
linking...
Program Size: Code=1404 RO-data=32 RW-data=4 ZI-data=1260  
FromELF: creating hex file...
".\Maciejewski.axf" - 0 Errors, 3 Warning(s).
Clean started: Project: 'Maciejewski'
   deleting intermediate output files for target 'Target 1'
