<html>
<body>
<pre>
<h1>µVision Build Log</h1>
<h2>Project:</h2>
C:\Users\stasm\OneDrive\Dokumenty\Przerwania\5\Przerwania.uvproj
Project File Date:  05/30/2019

<h2>Output:</h2>
Rebuild target 'Target 1'
assembling Startup.s...
compiling keyboard.c...
keyboard.h(4): warning:  #1-D: last line of file ends without a newline
compiling led.c...
led.h(7): warning:  #1-D: last line of file ends without a newline
led.c(67): warning:  #1-D: last line of file ends without a newline
compiling main.c...
led.h(7): warning:  #1-D: last line of file ends without a newline
keyboard.h(4): warning:  #1-D: last line of file ends without a newline
timer_interrupts.h(1): warning:  #1295-D: Deprecated declaration Timer0IRQHandler - give arg types
timer_interrupts.h(2): warning:  #1-D: last line of file ends without a newline
compiling timer.c...
timer.h(4): warning:  #1-D: last line of file ends without a newline
compiling timer_interrupts.c...
timer_interrupts.h(1): warning:  #1295-D: Deprecated declaration Timer0IRQHandler - give arg types
timer_interrupts.h(2): warning:  #1-D: last line of file ends without a newline
timer_interrupts.c(50): warning:  #1-D: last line of file ends without a newline
linking...
Program Size: Code=1280 RO-data=32 RW-data=8 ZI-data=1256  
".\Przerwania.axf" - 0 Errors, 11 Warning(s).
Rebuild target 'Target 1'
assembling Startup.s...
compiling keyboard.c...
keyboard.h(4): warning:  #1-D: last line of file ends without a newline
compiling led.c...
led.h(7): warning:  #1-D: last line of file ends without a newline
led.c(67): warning:  #1-D: last line of file ends without a newline
compiling main.c...
led.h(7): warning:  #1-D: last line of file ends without a newline
keyboard.h(4): warning:  #1-D: last line of file ends without a newline
timer_interrupts.h(1): warning:  #1295-D: Deprecated declaration Timer0IRQHandler - give arg types
timer_interrupts.h(2): warning:  #1-D: last line of file ends without a newline
compiling timer.c...
timer.h(4): warning:  #1-D: last line of file ends without a newline
compiling timer_interrupts.c...
timer_interrupts.h(1): warning:  #1295-D: Deprecated declaration Timer0IRQHandler - give arg types
timer_interrupts.h(2): warning:  #1-D: last line of file ends without a newline
timer_interrupts.c(50): warning:  #1-D: last line of file ends without a newline
linking...
Program Size: Code=1276 RO-data=32 RW-data=8 ZI-data=1256  
".\Przerwania.axf" - 0 Errors, 11 Warning(s).
Rebuild target 'Target 1'
assembling Startup.s...
compiling keyboard.c...
keyboard.h(4): warning:  #1-D: last line of file ends without a newline
compiling led.c...
led.h(7): warning:  #1-D: last line of file ends without a newline
led.c(67): warning:  #1-D: last line of file ends without a newline
compiling main.c...
led.h(7): warning:  #1-D: last line of file ends without a newline
keyboard.h(4): warning:  #1-D: last line of file ends without a newline
timer_interrupts.h(1): warning:  #1295-D: Deprecated declaration Timer0IRQHandler - give arg types
timer_interrupts.h(2): warning:  #1-D: last line of file ends without a newline
compiling timer.c...
timer.h(4): warning:  #1-D: last line of file ends without a newline
compiling timer_interrupts.c...
timer_interrupts.h(1): warning:  #1295-D: Deprecated declaration Timer0IRQHandler - give arg types
timer_interrupts.h(2): warning:  #1-D: last line of file ends without a newline
timer_interrupts.c(50): warning:  #1-D: last line of file ends without a newline
linking...
Program Size: Code=1272 RO-data=32 RW-data=8 ZI-data=1256  
".\Przerwania.axf" - 0 Errors, 11 Warning(s).
Rebuild target 'Target 1'
assembling Startup.s...
compiling keyboard.c...
keyboard.h(4): warning:  #1-D: last line of file ends without a newline
compiling led.c...
led.h(7): warning:  #1-D: last line of file ends without a newline
led.c(67): warning:  #1-D: last line of file ends without a newline
compiling main.c...
led.h(7): warning:  #1-D: last line of file ends without a newline
keyboard.h(4): warning:  #1-D: last line of file ends without a newline
timer_interrupts.h(1): warning:  #1295-D: Deprecated declaration Timer0IRQHandler - give arg types
timer_interrupts.h(2): warning:  #1-D: last line of file ends without a newline
compiling timer.c...
timer.h(4): warning:  #1-D: last line of file ends without a newline
compiling timer_interrupts.c...
timer_interrupts.h(1): warning:  #1295-D: Deprecated declaration Timer0IRQHandler - give arg types
timer_interrupts.h(2): warning:  #1-D: last line of file ends without a newline
timer_interrupts.c(50): warning:  #1-D: last line of file ends without a newline
linking...
Program Size: Code=1272 RO-data=32 RW-data=8 ZI-data=1256  
".\Przerwania.axf" - 0 Errors, 11 Warning(s).
