<html>
<body>
<pre>
<h1>µVision Build Log</h1>
<h2>Project:</h2>
C:\Users\student\Desktop\Repo\mtm_ppsw\Servo\4\Servo1.uvproj
Project File Date:  06/05/2019

<h2>Output:</h2>
Rebuild target 'Target 1'
assembling Startup.s...
compiling keyboard.c...
keyboard.h(4): warning:  #1-D: last line of file ends without a newline
compiling led.c...
led.h(7): warning:  #1-D: last line of file ends without a newline
led.c(67): warning:  #1-D: last line of file ends without a newline
compiling main.c...
led.h(7): warning:  #1-D: last line of file ends without a newline
keyboard.h(4): warning:  #1-D: last line of file ends without a newline
servo.h(19): warning:  #1-D: last line of file ends without a newline
timer_interrupts.h(1): warning:  #1295-D: Deprecated declaration Timer0IRQHandler - give arg types
timer_interrupts.h(2): warning:  #1-D: last line of file ends without a newline
compiling servo.c...
led.h(7): warning:  #1-D: last line of file ends without a newline
servo.h(19): warning:  #1-D: last line of file ends without a newline
timer_interrupts.h(1): warning:  #1295-D: Deprecated declaration Timer0IRQHandler - give arg types
timer_interrupts.h(2): warning:  #1-D: last line of file ends without a newline
servo.c(97): warning:  #1-D: last line of file ends without a newline
compiling timer.c...
timer.h(4): warning:  #1-D: last line of file ends without a newline
compiling timer_interrupts.c...
timer_interrupts.h(1): warning:  #1295-D: Deprecated declaration Timer0IRQHandler - give arg types
timer_interrupts.h(2): warning:  #1-D: last line of file ends without a newline
timer_interrupts.c(50): warning:  #1-D: last line of file ends without a newline
linking...
Program Size: Code=2420 RO-data=32 RW-data=8 ZI-data=1272  
FromELF: creating hex file...
".\Servo1.axf" - 0 Errors, 17 Warning(s).
Rebuild target 'Target 1'
assembling Startup.s...
compiling keyboard.c...
keyboard.h(4): warning:  #1-D: last line of file ends without a newline
compiling led.c...
led.h(7): warning:  #1-D: last line of file ends without a newline
led.c(67): warning:  #1-D: last line of file ends without a newline
compiling main.c...
led.h(7): warning:  #1-D: last line of file ends without a newline
keyboard.h(4): warning:  #1-D: last line of file ends without a newline
servo.h(19): warning:  #1-D: last line of file ends without a newline
timer_interrupts.h(1): warning:  #1295-D: Deprecated declaration Timer0IRQHandler - give arg types
timer_interrupts.h(2): warning:  #1-D: last line of file ends without a newline
compiling servo.c...
led.h(7): warning:  #1-D: last line of file ends without a newline
servo.h(19): warning:  #1-D: last line of file ends without a newline
timer_interrupts.h(1): warning:  #1295-D: Deprecated declaration Timer0IRQHandler - give arg types
timer_interrupts.h(2): warning:  #1-D: last line of file ends without a newline
servo.c(97): warning:  #1-D: last line of file ends without a newline
compiling timer.c...
timer.h(4): warning:  #1-D: last line of file ends without a newline
compiling timer_interrupts.c...
timer_interrupts.h(1): warning:  #1295-D: Deprecated declaration Timer0IRQHandler - give arg types
timer_interrupts.h(2): warning:  #1-D: last line of file ends without a newline
timer_interrupts.c(50): warning:  #1-D: last line of file ends without a newline
linking...
Program Size: Code=2420 RO-data=32 RW-data=8 ZI-data=1272  
FromELF: creating hex file...
".\Servo1.axf" - 0 Errors, 17 Warning(s).
Rebuild target 'Target 1'
assembling Startup.s...
compiling keyboard.c...
keyboard.h(4): warning:  #1-D: last line of file ends without a newline
compiling led.c...
led.h(7): warning:  #1-D: last line of file ends without a newline
led.c(67): warning:  #1-D: last line of file ends without a newline
compiling main.c...
led.h(7): warning:  #1-D: last line of file ends without a newline
keyboard.h(4): warning:  #1-D: last line of file ends without a newline
servo.h(19): warning:  #1-D: last line of file ends without a newline
timer_interrupts.h(1): warning:  #1295-D: Deprecated declaration Timer0IRQHandler - give arg types
timer_interrupts.h(2): warning:  #1-D: last line of file ends without a newline
compiling servo.c...
led.h(7): warning:  #1-D: last line of file ends without a newline
servo.h(19): warning:  #1-D: last line of file ends without a newline
timer_interrupts.h(1): warning:  #1295-D: Deprecated declaration Timer0IRQHandler - give arg types
timer_interrupts.h(2): warning:  #1-D: last line of file ends without a newline
servo.c(97): warning:  #1-D: last line of file ends without a newline
compiling timer.c...
timer.h(4): warning:  #1-D: last line of file ends without a newline
compiling timer_interrupts.c...
timer_interrupts.h(1): warning:  #1295-D: Deprecated declaration Timer0IRQHandler - give arg types
timer_interrupts.h(2): warning:  #1-D: last line of file ends without a newline
timer_interrupts.c(50): warning:  #1-D: last line of file ends without a newline
linking...
Program Size: Code=2420 RO-data=32 RW-data=8 ZI-data=1272  
FromELF: creating hex file...
".\Servo1.axf" - 0 Errors, 17 Warning(s).
Rebuild target 'Target 1'
assembling Startup.s...
compiling keyboard.c...
keyboard.h(4): warning:  #1-D: last line of file ends without a newline
compiling led.c...
led.h(7): warning:  #1-D: last line of file ends without a newline
led.c(67): warning:  #1-D: last line of file ends without a newline
compiling main.c...
led.h(7): warning:  #1-D: last line of file ends without a newline
keyboard.h(4): warning:  #1-D: last line of file ends without a newline
servo.h(19): warning:  #1-D: last line of file ends without a newline
timer_interrupts.h(1): warning:  #1295-D: Deprecated declaration Timer0IRQHandler - give arg types
timer_interrupts.h(2): warning:  #1-D: last line of file ends without a newline
compiling servo.c...
led.h(7): warning:  #1-D: last line of file ends without a newline
servo.h(19): warning:  #1-D: last line of file ends without a newline
timer_interrupts.h(1): warning:  #1295-D: Deprecated declaration Timer0IRQHandler - give arg types
timer_interrupts.h(2): warning:  #1-D: last line of file ends without a newline
servo.c(97): warning:  #1-D: last line of file ends without a newline
compiling timer.c...
timer.h(4): warning:  #1-D: last line of file ends without a newline
compiling timer_interrupts.c...
timer_interrupts.h(1): warning:  #1295-D: Deprecated declaration Timer0IRQHandler - give arg types
timer_interrupts.h(2): warning:  #1-D: last line of file ends without a newline
timer_interrupts.c(50): warning:  #1-D: last line of file ends without a newline
linking...
Program Size: Code=2400 RO-data=32 RW-data=8 ZI-data=1272  
FromELF: creating hex file...
".\Servo1.axf" - 0 Errors, 17 Warning(s).
Rebuild target 'Target 1'
assembling Startup.s...
compiling keyboard.c...
keyboard.h(4): warning:  #1-D: last line of file ends without a newline
compiling led.c...
led.h(7): warning:  #1-D: last line of file ends without a newline
led.c(67): warning:  #1-D: last line of file ends without a newline
compiling main.c...
led.h(7): warning:  #1-D: last line of file ends without a newline
keyboard.h(4): warning:  #1-D: last line of file ends without a newline
servo.h(19): warning:  #1-D: last line of file ends without a newline
timer_interrupts.h(1): warning:  #1295-D: Deprecated declaration Timer0IRQHandler - give arg types
timer_interrupts.h(2): warning:  #1-D: last line of file ends without a newline
compiling servo.c...
led.h(7): warning:  #1-D: last line of file ends without a newline
servo.h(19): warning:  #1-D: last line of file ends without a newline
timer_interrupts.h(1): warning:  #1295-D: Deprecated declaration Timer0IRQHandler - give arg types
timer_interrupts.h(2): warning:  #1-D: last line of file ends without a newline
servo.c(97): warning:  #1-D: last line of file ends without a newline
compiling timer.c...
timer.h(4): warning:  #1-D: last line of file ends without a newline
compiling timer_interrupts.c...
timer_interrupts.h(1): warning:  #1295-D: Deprecated declaration Timer0IRQHandler - give arg types
timer_interrupts.h(2): warning:  #1-D: last line of file ends without a newline
timer_interrupts.c(50): warning:  #1-D: last line of file ends without a newline
linking...
Program Size: Code=2420 RO-data=32 RW-data=8 ZI-data=1272  
FromELF: creating hex file...
".\Servo1.axf" - 0 Errors, 17 Warning(s).
Rebuild target 'Target 1'
assembling Startup.s...
compiling keyboard.c...
keyboard.h(4): warning:  #1-D: last line of file ends without a newline
compiling led.c...
led.h(7): warning:  #1-D: last line of file ends without a newline
led.c(67): warning:  #1-D: last line of file ends without a newline
compiling main.c...
led.h(7): warning:  #1-D: last line of file ends without a newline
keyboard.h(4): warning:  #1-D: last line of file ends without a newline
servo.h(19): warning:  #1-D: last line of file ends without a newline
timer_interrupts.h(1): warning:  #1295-D: Deprecated declaration Timer0IRQHandler - give arg types
timer_interrupts.h(2): warning:  #1-D: last line of file ends without a newline
compiling servo.c...
led.h(7): warning:  #1-D: last line of file ends without a newline
servo.h(19): warning:  #1-D: last line of file ends without a newline
timer_interrupts.h(1): warning:  #1295-D: Deprecated declaration Timer0IRQHandler - give arg types
timer_interrupts.h(2): warning:  #1-D: last line of file ends without a newline
servo.c(97): warning:  #1-D: last line of file ends without a newline
compiling timer.c...
timer.h(4): warning:  #1-D: last line of file ends without a newline
compiling timer_interrupts.c...
timer_interrupts.h(1): warning:  #1295-D: Deprecated declaration Timer0IRQHandler - give arg types
timer_interrupts.h(2): warning:  #1-D: last line of file ends without a newline
timer_interrupts.c(50): warning:  #1-D: last line of file ends without a newline
linking...
Program Size: Code=2400 RO-data=32 RW-data=8 ZI-data=1272  
FromELF: creating hex file...
".\Servo1.axf" - 0 Errors, 17 Warning(s).
Rebuild target 'Target 1'
assembling Startup.s...
compiling keyboard.c...
keyboard.h(4): warning:  #1-D: last line of file ends without a newline
compiling led.c...
led.h(7): warning:  #1-D: last line of file ends without a newline
led.c(67): warning:  #1-D: last line of file ends without a newline
compiling main.c...
led.h(7): warning:  #1-D: last line of file ends without a newline
keyboard.h(4): warning:  #1-D: last line of file ends without a newline
servo.h(19): warning:  #1-D: last line of file ends without a newline
timer_interrupts.h(1): warning:  #1295-D: Deprecated declaration Timer0IRQHandler - give arg types
timer_interrupts.h(2): warning:  #1-D: last line of file ends without a newline
compiling servo.c...
led.h(7): warning:  #1-D: last line of file ends without a newline
servo.h(19): warning:  #1-D: last line of file ends without a newline
timer_interrupts.h(1): warning:  #1295-D: Deprecated declaration Timer0IRQHandler - give arg types
timer_interrupts.h(2): warning:  #1-D: last line of file ends without a newline
servo.c(97): warning:  #1-D: last line of file ends without a newline
compiling timer.c...
timer.h(4): warning:  #1-D: last line of file ends without a newline
compiling timer_interrupts.c...
timer_interrupts.h(1): warning:  #1295-D: Deprecated declaration Timer0IRQHandler - give arg types
timer_interrupts.h(2): warning:  #1-D: last line of file ends without a newline
timer_interrupts.c(50): warning:  #1-D: last line of file ends without a newline
linking...
Program Size: Code=2420 RO-data=32 RW-data=8 ZI-data=1272  
FromELF: creating hex file...
".\Servo1.axf" - 0 Errors, 17 Warning(s).
Rebuild target 'Target 1'
assembling Startup.s...
compiling keyboard.c...
keyboard.h(4): warning:  #1-D: last line of file ends without a newline
compiling led.c...
led.h(7): warning:  #1-D: last line of file ends without a newline
led.c(67): warning:  #1-D: last line of file ends without a newline
compiling main.c...
led.h(7): warning:  #1-D: last line of file ends without a newline
keyboard.h(4): warning:  #1-D: last line of file ends without a newline
servo.h(19): warning:  #1-D: last line of file ends without a newline
timer_interrupts.h(1): warning:  #1295-D: Deprecated declaration Timer0IRQHandler - give arg types
timer_interrupts.h(2): warning:  #1-D: last line of file ends without a newline
compiling servo.c...
led.h(7): warning:  #1-D: last line of file ends without a newline
servo.h(19): warning:  #1-D: last line of file ends without a newline
timer_interrupts.h(1): warning:  #1295-D: Deprecated declaration Timer0IRQHandler - give arg types
timer_interrupts.h(2): warning:  #1-D: last line of file ends without a newline
servo.c(97): warning:  #1-D: last line of file ends without a newline
compiling timer.c...
timer.h(4): warning:  #1-D: last line of file ends without a newline
compiling timer_interrupts.c...
timer_interrupts.h(1): warning:  #1295-D: Deprecated declaration Timer0IRQHandler - give arg types
timer_interrupts.h(2): warning:  #1-D: last line of file ends without a newline
timer_interrupts.c(50): warning:  #1-D: last line of file ends without a newline
linking...
Program Size: Code=2400 RO-data=32 RW-data=8 ZI-data=1272  
FromELF: creating hex file...
".\Servo1.axf" - 0 Errors, 17 Warning(s).
Rebuild target 'Target 1'
assembling Startup.s...
compiling keyboard.c...
keyboard.h(4): warning:  #1-D: last line of file ends without a newline
compiling led.c...
led.h(7): warning:  #1-D: last line of file ends without a newline
led.c(67): warning:  #1-D: last line of file ends without a newline
compiling main.c...
led.h(7): warning:  #1-D: last line of file ends without a newline
keyboard.h(4): warning:  #1-D: last line of file ends without a newline
servo.h(19): warning:  #1-D: last line of file ends without a newline
timer_interrupts.h(1): warning:  #1295-D: Deprecated declaration Timer0IRQHandler - give arg types
timer_interrupts.h(2): warning:  #1-D: last line of file ends without a newline
compiling servo.c...
led.h(7): warning:  #1-D: last line of file ends without a newline
servo.h(19): warning:  #1-D: last line of file ends without a newline
timer_interrupts.h(1): warning:  #1295-D: Deprecated declaration Timer0IRQHandler - give arg types
timer_interrupts.h(2): warning:  #1-D: last line of file ends without a newline
servo.c(97): warning:  #1-D: last line of file ends without a newline
compiling timer.c...
timer.h(4): warning:  #1-D: last line of file ends without a newline
compiling timer_interrupts.c...
timer_interrupts.h(1): warning:  #1295-D: Deprecated declaration Timer0IRQHandler - give arg types
timer_interrupts.h(2): warning:  #1-D: last line of file ends without a newline
timer_interrupts.c(50): warning:  #1-D: last line of file ends without a newline
linking...
Program Size: Code=2420 RO-data=32 RW-data=8 ZI-data=1272  
FromELF: creating hex file...
".\Servo1.axf" - 0 Errors, 17 Warning(s).
Rebuild target 'Target 1'
assembling Startup.s...
compiling keyboard.c...
keyboard.h(4): warning:  #1-D: last line of file ends without a newline
compiling led.c...
led.h(7): warning:  #1-D: last line of file ends without a newline
led.c(67): warning:  #1-D: last line of file ends without a newline
compiling main.c...
led.h(7): warning:  #1-D: last line of file ends without a newline
keyboard.h(4): warning:  #1-D: last line of file ends without a newline
servo.h(19): warning:  #1-D: last line of file ends without a newline
timer_interrupts.h(1): warning:  #1295-D: Deprecated declaration Timer0IRQHandler - give arg types
timer_interrupts.h(2): warning:  #1-D: last line of file ends without a newline
compiling servo.c...
led.h(7): warning:  #1-D: last line of file ends without a newline
servo.h(19): warning:  #1-D: last line of file ends without a newline
timer_interrupts.h(1): warning:  #1295-D: Deprecated declaration Timer0IRQHandler - give arg types
timer_interrupts.h(2): warning:  #1-D: last line of file ends without a newline
servo.c(97): warning:  #1-D: last line of file ends without a newline
compiling timer.c...
timer.h(4): warning:  #1-D: last line of file ends without a newline
compiling timer_interrupts.c...
timer_interrupts.h(1): warning:  #1295-D: Deprecated declaration Timer0IRQHandler - give arg types
timer_interrupts.h(2): warning:  #1-D: last line of file ends without a newline
timer_interrupts.c(50): warning:  #1-D: last line of file ends without a newline
linking...
Program Size: Code=2420 RO-data=32 RW-data=8 ZI-data=1272  
FromELF: creating hex file...
".\Servo1.axf" - 0 Errors, 17 Warning(s).
Build target 'Target 1'
compiling keyboard.c...
keyboard.h(4): warning:  #1-D: last line of file ends without a newline
compiling led.c...
led.h(7): warning:  #1-D: last line of file ends without a newline
led.c(67): warning:  #1-D: last line of file ends without a newline
compiling main.c...
led.h(7): warning:  #1-D: last line of file ends without a newline
keyboard.h(4): warning:  #1-D: last line of file ends without a newline
servo.h(19): warning:  #1-D: last line of file ends without a newline
timer_interrupts.h(1): warning:  #1295-D: Deprecated declaration Timer0IRQHandler - give arg types
timer_interrupts.h(2): warning:  #1-D: last line of file ends without a newline
compiling servo.c...
led.h(7): warning:  #1-D: last line of file ends without a newline
servo.h(19): warning:  #1-D: last line of file ends without a newline
timer_interrupts.h(1): warning:  #1295-D: Deprecated declaration Timer0IRQHandler - give arg types
timer_interrupts.h(2): warning:  #1-D: last line of file ends without a newline
servo.c(97): warning:  #1-D: last line of file ends without a newline
compiling timer.c...
timer.h(4): warning:  #1-D: last line of file ends without a newline
compiling timer_interrupts.c...
timer_interrupts.h(1): warning:  #1295-D: Deprecated declaration Timer0IRQHandler - give arg types
timer_interrupts.h(2): warning:  #1-D: last line of file ends without a newline
timer_interrupts.c(50): warning:  #1-D: last line of file ends without a newline
linking...
Program Size: Code=2400 RO-data=32 RW-data=8 ZI-data=1272  
FromELF: creating hex file...
".\Servo1.axf" - 0 Errors, 17 Warning(s).
Rebuild target 'Target 1'
assembling Startup.s...
compiling keyboard.c...
keyboard.h(4): warning:  #1-D: last line of file ends without a newline
compiling led.c...
led.h(7): warning:  #1-D: last line of file ends without a newline
led.c(67): warning:  #1-D: last line of file ends without a newline
compiling main.c...
led.h(7): warning:  #1-D: last line of file ends without a newline
keyboard.h(4): warning:  #1-D: last line of file ends without a newline
servo.h(19): warning:  #1-D: last line of file ends without a newline
timer_interrupts.h(1): warning:  #1295-D: Deprecated declaration Timer0IRQHandler - give arg types
timer_interrupts.h(2): warning:  #1-D: last line of file ends without a newline
compiling servo.c...
led.h(7): warning:  #1-D: last line of file ends without a newline
servo.h(19): warning:  #1-D: last line of file ends without a newline
timer_interrupts.h(1): warning:  #1295-D: Deprecated declaration Timer0IRQHandler - give arg types
timer_interrupts.h(2): warning:  #1-D: last line of file ends without a newline
servo.c(97): warning:  #1-D: last line of file ends without a newline
compiling timer.c...
timer.h(4): warning:  #1-D: last line of file ends without a newline
compiling timer_interrupts.c...
timer_interrupts.h(1): warning:  #1295-D: Deprecated declaration Timer0IRQHandler - give arg types
timer_interrupts.h(2): warning:  #1-D: last line of file ends without a newline
timer_interrupts.c(50): warning:  #1-D: last line of file ends without a newline
linking...
Program Size: Code=2400 RO-data=32 RW-data=8 ZI-data=1272  
FromELF: creating hex file...
".\Servo1.axf" - 0 Errors, 17 Warning(s).
Rebuild target 'Target 1'
assembling Startup.s...
compiling keyboard.c...
keyboard.h(4): warning:  #1-D: last line of file ends without a newline
compiling led.c...
led.h(7): warning:  #1-D: last line of file ends without a newline
led.c(67): warning:  #1-D: last line of file ends without a newline
compiling main.c...
led.h(7): warning:  #1-D: last line of file ends without a newline
keyboard.h(4): warning:  #1-D: last line of file ends without a newline
servo.h(19): warning:  #1-D: last line of file ends without a newline
timer_interrupts.h(1): warning:  #1295-D: Deprecated declaration Timer0IRQHandler - give arg types
timer_interrupts.h(2): warning:  #1-D: last line of file ends without a newline
compiling servo.c...
led.h(7): warning:  #1-D: last line of file ends without a newline
servo.h(19): warning:  #1-D: last line of file ends without a newline
timer_interrupts.h(1): warning:  #1295-D: Deprecated declaration Timer0IRQHandler - give arg types
timer_interrupts.h(2): warning:  #1-D: last line of file ends without a newline
servo.c(97): warning:  #1-D: last line of file ends without a newline
compiling timer.c...
timer.h(4): warning:  #1-D: last line of file ends without a newline
compiling timer_interrupts.c...
timer_interrupts.h(1): warning:  #1295-D: Deprecated declaration Timer0IRQHandler - give arg types
timer_interrupts.h(2): warning:  #1-D: last line of file ends without a newline
timer_interrupts.c(50): warning:  #1-D: last line of file ends without a newline
linking...
Program Size: Code=2420 RO-data=32 RW-data=8 ZI-data=1272  
FromELF: creating hex file...
".\Servo1.axf" - 0 Errors, 17 Warning(s).
Rebuild target 'Target 1'
assembling Startup.s...
compiling keyboard.c...
keyboard.h(4): warning:  #1-D: last line of file ends without a newline
compiling led.c...
led.h(7): warning:  #1-D: last line of file ends without a newline
led.c(67): warning:  #1-D: last line of file ends without a newline
compiling main.c...
led.h(7): warning:  #1-D: last line of file ends without a newline
keyboard.h(4): warning:  #1-D: last line of file ends without a newline
servo.h(19): warning:  #1-D: last line of file ends without a newline
timer_interrupts.h(1): warning:  #1295-D: Deprecated declaration Timer0IRQHandler - give arg types
timer_interrupts.h(2): warning:  #1-D: last line of file ends without a newline
compiling servo.c...
led.h(7): warning:  #1-D: last line of file ends without a newline
servo.h(19): warning:  #1-D: last line of file ends without a newline
timer_interrupts.h(1): warning:  #1295-D: Deprecated declaration Timer0IRQHandler - give arg types
timer_interrupts.h(2): warning:  #1-D: last line of file ends without a newline
servo.c(97): warning:  #1-D: last line of file ends without a newline
compiling timer.c...
timer.h(4): warning:  #1-D: last line of file ends without a newline
compiling timer_interrupts.c...
timer_interrupts.h(1): warning:  #1295-D: Deprecated declaration Timer0IRQHandler - give arg types
timer_interrupts.h(2): warning:  #1-D: last line of file ends without a newline
timer_interrupts.c(50): warning:  #1-D: last line of file ends without a newline
linking...
Program Size: Code=2424 RO-data=32 RW-data=8 ZI-data=1272  
FromELF: creating hex file...
".\Servo1.axf" - 0 Errors, 17 Warning(s).
Rebuild target 'Target 1'
assembling Startup.s...
compiling keyboard.c...
keyboard.h(4): warning:  #1-D: last line of file ends without a newline
compiling led.c...
led.h(7): warning:  #1-D: last line of file ends without a newline
led.c(67): warning:  #1-D: last line of file ends without a newline
compiling main.c...
led.h(7): warning:  #1-D: last line of file ends without a newline
keyboard.h(4): warning:  #1-D: last line of file ends without a newline
servo.h(19): warning:  #1-D: last line of file ends without a newline
timer_interrupts.h(1): warning:  #1295-D: Deprecated declaration Timer0IRQHandler - give arg types
timer_interrupts.h(2): warning:  #1-D: last line of file ends without a newline
compiling servo.c...
led.h(7): warning:  #1-D: last line of file ends without a newline
servo.h(19): warning:  #1-D: last line of file ends without a newline
timer_interrupts.h(1): warning:  #1295-D: Deprecated declaration Timer0IRQHandler - give arg types
timer_interrupts.h(2): warning:  #1-D: last line of file ends without a newline
servo.c(97): warning:  #1-D: last line of file ends without a newline
compiling timer.c...
timer.h(4): warning:  #1-D: last line of file ends without a newline
compiling timer_interrupts.c...
timer_interrupts.h(1): warning:  #1295-D: Deprecated declaration Timer0IRQHandler - give arg types
timer_interrupts.h(2): warning:  #1-D: last line of file ends without a newline
timer_interrupts.c(50): warning:  #1-D: last line of file ends without a newline
linking...
Program Size: Code=2424 RO-data=32 RW-data=8 ZI-data=1272  
FromELF: creating hex file...
".\Servo1.axf" - 0 Errors, 17 Warning(s).
Rebuild target 'Target 1'
assembling Startup.s...
compiling keyboard.c...
keyboard.h(4): warning:  #1-D: last line of file ends without a newline
compiling led.c...
led.h(7): warning:  #1-D: last line of file ends without a newline
led.c(67): warning:  #1-D: last line of file ends without a newline
compiling main.c...
led.h(7): warning:  #1-D: last line of file ends without a newline
keyboard.h(4): warning:  #1-D: last line of file ends without a newline
servo.h(19): warning:  #1-D: last line of file ends without a newline
timer_interrupts.h(1): warning:  #1295-D: Deprecated declaration Timer0IRQHandler - give arg types
timer_interrupts.h(2): warning:  #1-D: last line of file ends without a newline
compiling servo.c...
led.h(7): warning:  #1-D: last line of file ends without a newline
servo.h(19): warning:  #1-D: last line of file ends without a newline
timer_interrupts.h(1): warning:  #1295-D: Deprecated declaration Timer0IRQHandler - give arg types
timer_interrupts.h(2): warning:  #1-D: last line of file ends without a newline
servo.c(97): warning:  #1-D: last line of file ends without a newline
compiling timer.c...
timer.h(4): warning:  #1-D: last line of file ends without a newline
compiling timer_interrupts.c...
timer_interrupts.h(1): warning:  #1295-D: Deprecated declaration Timer0IRQHandler - give arg types
timer_interrupts.h(2): warning:  #1-D: last line of file ends without a newline
timer_interrupts.c(50): warning:  #1-D: last line of file ends without a newline
linking...
Program Size: Code=2408 RO-data=32 RW-data=8 ZI-data=1272  
FromELF: creating hex file...
".\Servo1.axf" - 0 Errors, 17 Warning(s).
Rebuild target 'Target 1'
assembling Startup.s...
compiling keyboard.c...
keyboard.h(4): warning:  #1-D: last line of file ends without a newline
compiling led.c...
led.h(7): warning:  #1-D: last line of file ends without a newline
led.c(67): warning:  #1-D: last line of file ends without a newline
compiling main.c...
led.h(7): warning:  #1-D: last line of file ends without a newline
keyboard.h(4): warning:  #1-D: last line of file ends without a newline
servo.h(19): warning:  #1-D: last line of file ends without a newline
timer_interrupts.h(1): warning:  #1295-D: Deprecated declaration Timer0IRQHandler - give arg types
timer_interrupts.h(2): warning:  #1-D: last line of file ends without a newline
compiling servo.c...
led.h(7): warning:  #1-D: last line of file ends without a newline
servo.h(19): warning:  #1-D: last line of file ends without a newline
timer_interrupts.h(1): warning:  #1295-D: Deprecated declaration Timer0IRQHandler - give arg types
timer_interrupts.h(2): warning:  #1-D: last line of file ends without a newline
servo.c(97): warning:  #1-D: last line of file ends without a newline
compiling timer.c...
timer.h(4): warning:  #1-D: last line of file ends without a newline
compiling timer_interrupts.c...
timer_interrupts.h(1): warning:  #1295-D: Deprecated declaration Timer0IRQHandler - give arg types
timer_interrupts.h(2): warning:  #1-D: last line of file ends without a newline
timer_interrupts.c(50): warning:  #1-D: last line of file ends without a newline
linking...
Program Size: Code=2424 RO-data=32 RW-data=8 ZI-data=1272  
FromELF: creating hex file...
".\Servo1.axf" - 0 Errors, 17 Warning(s).
Rebuild target 'Target 1'
assembling Startup.s...
compiling keyboard.c...
keyboard.h(4): warning:  #1-D: last line of file ends without a newline
compiling led.c...
led.h(7): warning:  #1-D: last line of file ends without a newline
led.c(67): warning:  #1-D: last line of file ends without a newline
compiling main.c...
led.h(7): warning:  #1-D: last line of file ends without a newline
keyboard.h(4): warning:  #1-D: last line of file ends without a newline
servo.h(19): warning:  #1-D: last line of file ends without a newline
timer_interrupts.h(1): warning:  #1295-D: Deprecated declaration Timer0IRQHandler - give arg types
timer_interrupts.h(2): warning:  #1-D: last line of file ends without a newline
compiling servo.c...
led.h(7): warning:  #1-D: last line of file ends without a newline
servo.h(19): warning:  #1-D: last line of file ends without a newline
timer_interrupts.h(1): warning:  #1295-D: Deprecated declaration Timer0IRQHandler - give arg types
timer_interrupts.h(2): warning:  #1-D: last line of file ends without a newline
servo.c(97): warning:  #1-D: last line of file ends without a newline
compiling timer.c...
timer.h(4): warning:  #1-D: last line of file ends without a newline
compiling timer_interrupts.c...
timer_interrupts.h(1): warning:  #1295-D: Deprecated declaration Timer0IRQHandler - give arg types
timer_interrupts.h(2): warning:  #1-D: last line of file ends without a newline
timer_interrupts.c(50): warning:  #1-D: last line of file ends without a newline
linking...
Program Size: Code=2400 RO-data=32 RW-data=8 ZI-data=1272  
FromELF: creating hex file...
".\Servo1.axf" - 0 Errors, 17 Warning(s).
Rebuild target 'Target 1'
assembling Startup.s...
compiling keyboard.c...
keyboard.h(4): warning:  #1-D: last line of file ends without a newline
compiling led.c...
led.h(7): warning:  #1-D: last line of file ends without a newline
led.c(67): warning:  #1-D: last line of file ends without a newline
compiling main.c...
led.h(7): warning:  #1-D: last line of file ends without a newline
keyboard.h(4): warning:  #1-D: last line of file ends without a newline
servo.h(19): warning:  #1-D: last line of file ends without a newline
timer_interrupts.h(1): warning:  #1295-D: Deprecated declaration Timer0IRQHandler - give arg types
timer_interrupts.h(2): warning:  #1-D: last line of file ends without a newline
compiling servo.c...
led.h(7): warning:  #1-D: last line of file ends without a newline
servo.h(19): warning:  #1-D: last line of file ends without a newline
timer_interrupts.h(1): warning:  #1295-D: Deprecated declaration Timer0IRQHandler - give arg types
timer_interrupts.h(2): warning:  #1-D: last line of file ends without a newline
servo.c(98): warning:  #1-D: last line of file ends without a newline
compiling timer.c...
timer.h(4): warning:  #1-D: last line of file ends without a newline
compiling timer_interrupts.c...
timer_interrupts.h(1): warning:  #1295-D: Deprecated declaration Timer0IRQHandler - give arg types
timer_interrupts.h(2): warning:  #1-D: last line of file ends without a newline
timer_interrupts.c(50): warning:  #1-D: last line of file ends without a newline
linking...
Program Size: Code=2428 RO-data=32 RW-data=8 ZI-data=1272  
FromELF: creating hex file...
".\Servo1.axf" - 0 Errors, 17 Warning(s).
Rebuild target 'Target 1'
assembling Startup.s...
compiling keyboard.c...
keyboard.h(4): warning:  #1-D: last line of file ends without a newline
compiling led.c...
led.h(7): warning:  #1-D: last line of file ends without a newline
led.c(67): warning:  #1-D: last line of file ends without a newline
compiling main.c...
led.h(7): warning:  #1-D: last line of file ends without a newline
keyboard.h(4): warning:  #1-D: last line of file ends without a newline
servo.h(19): warning:  #1-D: last line of file ends without a newline
timer_interrupts.h(1): warning:  #1295-D: Deprecated declaration Timer0IRQHandler - give arg types
timer_interrupts.h(2): warning:  #1-D: last line of file ends without a newline
compiling servo.c...
led.h(7): warning:  #1-D: last line of file ends without a newline
servo.h(19): warning:  #1-D: last line of file ends without a newline
timer_interrupts.h(1): warning:  #1295-D: Deprecated declaration Timer0IRQHandler - give arg types
timer_interrupts.h(2): warning:  #1-D: last line of file ends without a newline
servo.c(98): warning:  #1-D: last line of file ends without a newline
compiling timer.c...
timer.h(4): warning:  #1-D: last line of file ends without a newline
compiling timer_interrupts.c...
timer_interrupts.h(1): warning:  #1295-D: Deprecated declaration Timer0IRQHandler - give arg types
timer_interrupts.h(2): warning:  #1-D: last line of file ends without a newline
timer_interrupts.c(50): warning:  #1-D: last line of file ends without a newline
linking...
Program Size: Code=2412 RO-data=32 RW-data=8 ZI-data=1272  
FromELF: creating hex file...
".\Servo1.axf" - 0 Errors, 17 Warning(s).
Rebuild target 'Target 1'
assembling Startup.s...
compiling keyboard.c...
keyboard.h(4): warning:  #1-D: last line of file ends without a newline
compiling led.c...
led.h(7): warning:  #1-D: last line of file ends without a newline
led.c(67): warning:  #1-D: last line of file ends without a newline
compiling main.c...
led.h(7): warning:  #1-D: last line of file ends without a newline
keyboard.h(4): warning:  #1-D: last line of file ends without a newline
servo.h(19): warning:  #1-D: last line of file ends without a newline
timer_interrupts.h(1): warning:  #1295-D: Deprecated declaration Timer0IRQHandler - give arg types
timer_interrupts.h(2): warning:  #1-D: last line of file ends without a newline
compiling servo.c...
led.h(7): warning:  #1-D: last line of file ends without a newline
servo.h(19): warning:  #1-D: last line of file ends without a newline
timer_interrupts.h(1): warning:  #1295-D: Deprecated declaration Timer0IRQHandler - give arg types
timer_interrupts.h(2): warning:  #1-D: last line of file ends without a newline
servo.c(98): warning:  #1-D: last line of file ends without a newline
compiling timer.c...
timer.h(4): warning:  #1-D: last line of file ends without a newline
compiling timer_interrupts.c...
timer_interrupts.h(1): warning:  #1295-D: Deprecated declaration Timer0IRQHandler - give arg types
timer_interrupts.h(2): warning:  #1-D: last line of file ends without a newline
timer_interrupts.c(50): warning:  #1-D: last line of file ends without a newline
linking...
Program Size: Code=2420 RO-data=32 RW-data=8 ZI-data=1272  
FromELF: creating hex file...
".\Servo1.axf" - 0 Errors, 17 Warning(s).
Rebuild target 'Target 1'
assembling Startup.s...
compiling keyboard.c...
keyboard.h(4): warning:  #1-D: last line of file ends without a newline
compiling led.c...
led.h(7): warning:  #1-D: last line of file ends without a newline
led.c(67): warning:  #1-D: last line of file ends without a newline
compiling main.c...
led.h(7): warning:  #1-D: last line of file ends without a newline
keyboard.h(4): warning:  #1-D: last line of file ends without a newline
servo.h(19): warning:  #1-D: last line of file ends without a newline
timer_interrupts.h(1): warning:  #1295-D: Deprecated declaration Timer0IRQHandler - give arg types
timer_interrupts.h(2): warning:  #1-D: last line of file ends without a newline
compiling servo.c...
led.h(7): warning:  #1-D: last line of file ends without a newline
servo.h(19): warning:  #1-D: last line of file ends without a newline
timer_interrupts.h(1): warning:  #1295-D: Deprecated declaration Timer0IRQHandler - give arg types
timer_interrupts.h(2): warning:  #1-D: last line of file ends without a newline
servo.c(99): warning:  #1-D: last line of file ends without a newline
compiling timer.c...
timer.h(4): warning:  #1-D: last line of file ends without a newline
compiling timer_interrupts.c...
timer_interrupts.h(1): warning:  #1295-D: Deprecated declaration Timer0IRQHandler - give arg types
timer_interrupts.h(2): warning:  #1-D: last line of file ends without a newline
timer_interrupts.c(50): warning:  #1-D: last line of file ends without a newline
linking...
Program Size: Code=2412 RO-data=32 RW-data=8 ZI-data=1272  
FromELF: creating hex file...
".\Servo1.axf" - 0 Errors, 17 Warning(s).
Rebuild target 'Target 1'
assembling Startup.s...
compiling keyboard.c...
keyboard.h(4): warning:  #1-D: last line of file ends without a newline
compiling led.c...
led.h(7): warning:  #1-D: last line of file ends without a newline
led.c(67): warning:  #1-D: last line of file ends without a newline
compiling main.c...
led.h(7): warning:  #1-D: last line of file ends without a newline
keyboard.h(4): warning:  #1-D: last line of file ends without a newline
servo.h(19): warning:  #1-D: last line of file ends without a newline
timer_interrupts.h(1): warning:  #1295-D: Deprecated declaration Timer0IRQHandler - give arg types
timer_interrupts.h(2): warning:  #1-D: last line of file ends without a newline
compiling servo.c...
led.h(7): warning:  #1-D: last line of file ends without a newline
servo.h(19): warning:  #1-D: last line of file ends without a newline
timer_interrupts.h(1): warning:  #1295-D: Deprecated declaration Timer0IRQHandler - give arg types
timer_interrupts.h(2): warning:  #1-D: last line of file ends without a newline
servo.c(98): warning:  #1-D: last line of file ends without a newline
compiling timer.c...
timer.h(4): warning:  #1-D: last line of file ends without a newline
compiling timer_interrupts.c...
timer_interrupts.h(1): warning:  #1295-D: Deprecated declaration Timer0IRQHandler - give arg types
timer_interrupts.h(2): warning:  #1-D: last line of file ends without a newline
timer_interrupts.c(50): warning:  #1-D: last line of file ends without a newline
linking...
Program Size: Code=2412 RO-data=32 RW-data=8 ZI-data=1272  
FromELF: creating hex file...
".\Servo1.axf" - 0 Errors, 17 Warning(s).
Rebuild target 'Target 1'
assembling Startup.s...
compiling keyboard.c...
keyboard.h(4): warning:  #1-D: last line of file ends without a newline
compiling led.c...
led.h(7): warning:  #1-D: last line of file ends without a newline
led.c(67): warning:  #1-D: last line of file ends without a newline
compiling main.c...
led.h(7): warning:  #1-D: last line of file ends without a newline
keyboard.h(4): warning:  #1-D: last line of file ends without a newline
servo.h(19): warning:  #1-D: last line of file ends without a newline
timer_interrupts.h(1): warning:  #1295-D: Deprecated declaration Timer0IRQHandler - give arg types
timer_interrupts.h(2): warning:  #1-D: last line of file ends without a newline
compiling servo.c...
led.h(7): warning:  #1-D: last line of file ends without a newline
servo.h(19): warning:  #1-D: last line of file ends without a newline
timer_interrupts.h(1): warning:  #1295-D: Deprecated declaration Timer0IRQHandler - give arg types
timer_interrupts.h(2): warning:  #1-D: last line of file ends without a newline
servo.c(98): warning:  #1-D: last line of file ends without a newline
compiling timer.c...
timer.h(4): warning:  #1-D: last line of file ends without a newline
compiling timer_interrupts.c...
timer_interrupts.h(1): warning:  #1295-D: Deprecated declaration Timer0IRQHandler - give arg types
timer_interrupts.h(2): warning:  #1-D: last line of file ends without a newline
timer_interrupts.c(50): warning:  #1-D: last line of file ends without a newline
linking...
Program Size: Code=2420 RO-data=32 RW-data=8 ZI-data=1272  
FromELF: creating hex file...
".\Servo1.axf" - 0 Errors, 17 Warning(s).
Build target 'Target 1'
compiling main.c...
led.h(7): warning:  #1-D: last line of file ends without a newline
keyboard.h(4): warning:  #1-D: last line of file ends without a newline
servo.h(19): warning:  #1-D: last line of file ends without a newline
timer_interrupts.h(1): warning:  #1295-D: Deprecated declaration Timer0IRQHandler - give arg types
timer_interrupts.h(2): warning:  #1-D: last line of file ends without a newline
compiling servo.c...
led.h(7): warning:  #1-D: last line of file ends without a newline
servo.h(19): warning:  #1-D: last line of file ends without a newline
timer_interrupts.h(1): warning:  #1295-D: Deprecated declaration Timer0IRQHandler - give arg types
timer_interrupts.h(2): warning:  #1-D: last line of file ends without a newline
servo.c(98): warning:  #1-D: last line of file ends without a newline
linking...
Program Size: Code=2404 RO-data=32 RW-data=8 ZI-data=1272  
FromELF: creating hex file...
".\Servo1.axf" - 0 Errors, 10 Warning(s).
Rebuild target 'Target 1'
assembling Startup.s...
compiling keyboard.c...
keyboard.h(4): warning:  #1-D: last line of file ends without a newline
compiling led.c...
led.h(7): warning:  #1-D: last line of file ends without a newline
led.c(67): warning:  #1-D: last line of file ends without a newline
compiling main.c...
led.h(7): warning:  #1-D: last line of file ends without a newline
keyboard.h(4): warning:  #1-D: last line of file ends without a newline
servo.h(19): warning:  #1-D: last line of file ends without a newline
timer_interrupts.h(1): warning:  #1295-D: Deprecated declaration Timer0IRQHandler - give arg types
timer_interrupts.h(2): warning:  #1-D: last line of file ends without a newline
compiling servo.c...
led.h(7): warning:  #1-D: last line of file ends without a newline
servo.h(19): warning:  #1-D: last line of file ends without a newline
timer_interrupts.h(1): warning:  #1295-D: Deprecated declaration Timer0IRQHandler - give arg types
timer_interrupts.h(2): warning:  #1-D: last line of file ends without a newline
servo.c(98): warning:  #1-D: last line of file ends without a newline
compiling timer.c...
timer.h(4): warning:  #1-D: last line of file ends without a newline
compiling timer_interrupts.c...
timer_interrupts.h(1): warning:  #1295-D: Deprecated declaration Timer0IRQHandler - give arg types
timer_interrupts.h(2): warning:  #1-D: last line of file ends without a newline
timer_interrupts.c(50): warning:  #1-D: last line of file ends without a newline
linking...
Program Size: Code=2404 RO-data=32 RW-data=8 ZI-data=1272  
FromELF: creating hex file...
".\Servo1.axf" - 0 Errors, 17 Warning(s).
Rebuild target 'Target 1'
assembling Startup.s...
compiling keyboard.c...
keyboard.h(4): warning:  #1-D: last line of file ends without a newline
compiling led.c...
led.h(7): warning:  #1-D: last line of file ends without a newline
led.c(67): warning:  #1-D: last line of file ends without a newline
compiling main.c...
led.h(7): warning:  #1-D: last line of file ends without a newline
keyboard.h(4): warning:  #1-D: last line of file ends without a newline
servo.h(19): warning:  #1-D: last line of file ends without a newline
timer_interrupts.h(1): warning:  #1295-D: Deprecated declaration Timer0IRQHandler - give arg types
timer_interrupts.h(2): warning:  #1-D: last line of file ends without a newline
compiling servo.c...
led.h(7): warning:  #1-D: last line of file ends without a newline
servo.h(19): warning:  #1-D: last line of file ends without a newline
timer_interrupts.h(1): warning:  #1295-D: Deprecated declaration Timer0IRQHandler - give arg types
timer_interrupts.h(2): warning:  #1-D: last line of file ends without a newline
servo.c(98): warning:  #1-D: last line of file ends without a newline
compiling timer.c...
timer.h(4): warning:  #1-D: last line of file ends without a newline
compiling timer_interrupts.c...
timer_interrupts.h(1): warning:  #1295-D: Deprecated declaration Timer0IRQHandler - give arg types
timer_interrupts.h(2): warning:  #1-D: last line of file ends without a newline
timer_interrupts.c(50): warning:  #1-D: last line of file ends without a newline
linking...
Program Size: Code=2412 RO-data=32 RW-data=8 ZI-data=1272  
FromELF: creating hex file...
".\Servo1.axf" - 0 Errors, 17 Warning(s).
Rebuild target 'Target 1'
assembling Startup.s...
compiling keyboard.c...
keyboard.h(4): warning:  #1-D: last line of file ends without a newline
compiling led.c...
led.h(7): warning:  #1-D: last line of file ends without a newline
led.c(67): warning:  #1-D: last line of file ends without a newline
compiling main.c...
led.h(7): warning:  #1-D: last line of file ends without a newline
keyboard.h(4): warning:  #1-D: last line of file ends without a newline
servo.h(19): warning:  #1-D: last line of file ends without a newline
timer_interrupts.h(1): warning:  #1295-D: Deprecated declaration Timer0IRQHandler - give arg types
timer_interrupts.h(2): warning:  #1-D: last line of file ends without a newline
compiling servo.c...
led.h(7): warning:  #1-D: last line of file ends without a newline
servo.h(19): warning:  #1-D: last line of file ends without a newline
timer_interrupts.h(1): warning:  #1295-D: Deprecated declaration Timer0IRQHandler - give arg types
timer_interrupts.h(2): warning:  #1-D: last line of file ends without a newline
servo.c(98): warning:  #1-D: last line of file ends without a newline
compiling timer.c...
timer.h(4): warning:  #1-D: last line of file ends without a newline
compiling timer_interrupts.c...
timer_interrupts.h(1): warning:  #1295-D: Deprecated declaration Timer0IRQHandler - give arg types
timer_interrupts.h(2): warning:  #1-D: last line of file ends without a newline
timer_interrupts.c(50): warning:  #1-D: last line of file ends without a newline
linking...
Program Size: Code=2412 RO-data=32 RW-data=8 ZI-data=1272  
FromELF: creating hex file...
".\Servo1.axf" - 0 Errors, 17 Warning(s).
Rebuild target 'Target 1'
assembling Startup.s...
compiling keyboard.c...
keyboard.h(4): warning:  #1-D: last line of file ends without a newline
compiling led.c...
led.h(7): warning:  #1-D: last line of file ends without a newline
led.c(67): warning:  #1-D: last line of file ends without a newline
compiling main.c...
led.h(7): warning:  #1-D: last line of file ends without a newline
keyboard.h(4): warning:  #1-D: last line of file ends without a newline
servo.h(19): warning:  #1-D: last line of file ends without a newline
timer_interrupts.h(1): warning:  #1295-D: Deprecated declaration Timer0IRQHandler - give arg types
timer_interrupts.h(2): warning:  #1-D: last line of file ends without a newline
compiling servo.c...
led.h(7): warning:  #1-D: last line of file ends without a newline
servo.h(19): warning:  #1-D: last line of file ends without a newline
timer_interrupts.h(1): warning:  #1295-D: Deprecated declaration Timer0IRQHandler - give arg types
timer_interrupts.h(2): warning:  #1-D: last line of file ends without a newline
servo.c(99): warning:  #1-D: last line of file ends without a newline
compiling timer.c...
timer.h(4): warning:  #1-D: last line of file ends without a newline
compiling timer_interrupts.c...
timer_interrupts.h(1): warning:  #1295-D: Deprecated declaration Timer0IRQHandler - give arg types
timer_interrupts.h(2): warning:  #1-D: last line of file ends without a newline
timer_interrupts.c(50): warning:  #1-D: last line of file ends without a newline
linking...
Program Size: Code=2416 RO-data=32 RW-data=8 ZI-data=1272  
FromELF: creating hex file...
".\Servo1.axf" - 0 Errors, 17 Warning(s).
Rebuild target 'Target 1'
assembling Startup.s...
compiling keyboard.c...
keyboard.h(4): warning:  #1-D: last line of file ends without a newline
compiling led.c...
led.h(7): warning:  #1-D: last line of file ends without a newline
led.c(67): warning:  #1-D: last line of file ends without a newline
compiling main.c...
led.h(7): warning:  #1-D: last line of file ends without a newline
keyboard.h(4): warning:  #1-D: last line of file ends without a newline
servo.h(19): warning:  #1-D: last line of file ends without a newline
timer_interrupts.h(1): warning:  #1295-D: Deprecated declaration Timer0IRQHandler - give arg types
timer_interrupts.h(2): warning:  #1-D: last line of file ends without a newline
compiling servo.c...
led.h(7): warning:  #1-D: last line of file ends without a newline
servo.h(19): warning:  #1-D: last line of file ends without a newline
timer_interrupts.h(1): warning:  #1295-D: Deprecated declaration Timer0IRQHandler - give arg types
timer_interrupts.h(2): warning:  #1-D: last line of file ends without a newline
servo.c(99): warning:  #1-D: last line of file ends without a newline
compiling timer.c...
timer.h(4): warning:  #1-D: last line of file ends without a newline
compiling timer_interrupts.c...
timer_interrupts.h(1): warning:  #1295-D: Deprecated declaration Timer0IRQHandler - give arg types
timer_interrupts.h(2): warning:  #1-D: last line of file ends without a newline
timer_interrupts.c(50): warning:  #1-D: last line of file ends without a newline
linking...
Program Size: Code=2408 RO-data=32 RW-data=8 ZI-data=1272  
FromELF: creating hex file...
".\Servo1.axf" - 0 Errors, 17 Warning(s).
Rebuild target 'Target 1'
assembling Startup.s...
compiling keyboard.c...
keyboard.h(4): warning:  #1-D: last line of file ends without a newline
compiling led.c...
led.h(7): warning:  #1-D: last line of file ends without a newline
led.c(67): warning:  #1-D: last line of file ends without a newline
compiling main.c...
led.h(7): warning:  #1-D: last line of file ends without a newline
keyboard.h(4): warning:  #1-D: last line of file ends without a newline
servo.h(19): warning:  #1-D: last line of file ends without a newline
timer_interrupts.h(1): warning:  #1295-D: Deprecated declaration Timer0IRQHandler - give arg types
timer_interrupts.h(2): warning:  #1-D: last line of file ends without a newline
compiling servo.c...
led.h(7): warning:  #1-D: last line of file ends without a newline
servo.h(19): warning:  #1-D: last line of file ends without a newline
timer_interrupts.h(1): warning:  #1295-D: Deprecated declaration Timer0IRQHandler - give arg types
timer_interrupts.h(2): warning:  #1-D: last line of file ends without a newline
servo.c(61): error:  #29: expected an expression
servo.c(61): error:  #20: identifier "CallibPosition" is undefined
servo.c(103): warning:  #1-D: last line of file ends without a newline
compiling timer.c...
timer.h(4): warning:  #1-D: last line of file ends without a newline
compiling timer_interrupts.c...
timer_interrupts.h(1): warning:  #1295-D: Deprecated declaration Timer0IRQHandler - give arg types
timer_interrupts.h(2): warning:  #1-D: last line of file ends without a newline
timer_interrupts.c(50): warning:  #1-D: last line of file ends without a newline
".\Servo1.axf" - 2 Errors, 17 Warning(s).
Target not created
Rebuild target 'Target 1'
assembling Startup.s...
compiling keyboard.c...
keyboard.h(4): warning:  #1-D: last line of file ends without a newline
compiling led.c...
led.h(7): warning:  #1-D: last line of file ends without a newline
led.c(67): warning:  #1-D: last line of file ends without a newline
compiling main.c...
led.h(7): warning:  #1-D: last line of file ends without a newline
keyboard.h(4): warning:  #1-D: last line of file ends without a newline
servo.h(19): warning:  #1-D: last line of file ends without a newline
timer_interrupts.h(1): warning:  #1295-D: Deprecated declaration Timer0IRQHandler - give arg types
timer_interrupts.h(2): warning:  #1-D: last line of file ends without a newline
compiling servo.c...
led.h(7): warning:  #1-D: last line of file ends without a newline
servo.h(19): warning:  #1-D: last line of file ends without a newline
timer_interrupts.h(1): warning:  #1295-D: Deprecated declaration Timer0IRQHandler - give arg types
timer_interrupts.h(2): warning:  #1-D: last line of file ends without a newline
servo.c(104): warning:  #1-D: last line of file ends without a newline
compiling timer.c...
timer.h(4): warning:  #1-D: last line of file ends without a newline
compiling timer_interrupts.c...
timer_interrupts.h(1): warning:  #1295-D: Deprecated declaration Timer0IRQHandler - give arg types
timer_interrupts.h(2): warning:  #1-D: last line of file ends without a newline
timer_interrupts.c(50): warning:  #1-D: last line of file ends without a newline
linking...
Program Size: Code=2428 RO-data=32 RW-data=8 ZI-data=1272  
FromELF: creating hex file...
".\Servo1.axf" - 0 Errors, 17 Warning(s).
Rebuild target 'Target 1'
assembling Startup.s...
compiling keyboard.c...
keyboard.h(4): warning:  #1-D: last line of file ends without a newline
compiling led.c...
led.h(7): warning:  #1-D: last line of file ends without a newline
led.c(67): warning:  #1-D: last line of file ends without a newline
compiling main.c...
led.h(7): warning:  #1-D: last line of file ends without a newline
keyboard.h(4): warning:  #1-D: last line of file ends without a newline
servo.h(19): warning:  #1-D: last line of file ends without a newline
timer_interrupts.h(1): warning:  #1295-D: Deprecated declaration Timer0IRQHandler - give arg types
timer_interrupts.h(2): warning:  #1-D: last line of file ends without a newline
compiling servo.c...
led.h(7): warning:  #1-D: last line of file ends without a newline
servo.h(19): warning:  #1-D: last line of file ends without a newline
timer_interrupts.h(1): warning:  #1295-D: Deprecated declaration Timer0IRQHandler - give arg types
timer_interrupts.h(2): warning:  #1-D: last line of file ends without a newline
servo.c(104): warning:  #1-D: last line of file ends without a newline
compiling timer.c...
timer.h(4): warning:  #1-D: last line of file ends without a newline
compiling timer_interrupts.c...
timer_interrupts.h(1): warning:  #1295-D: Deprecated declaration Timer0IRQHandler - give arg types
timer_interrupts.h(2): warning:  #1-D: last line of file ends without a newline
timer_interrupts.c(50): warning:  #1-D: last line of file ends without a newline
linking...
Program Size: Code=2428 RO-data=32 RW-data=8 ZI-data=1272  
FromELF: creating hex file...
".\Servo1.axf" - 0 Errors, 17 Warning(s).
Rebuild target 'Target 1'
assembling Startup.s...
compiling keyboard.c...
keyboard.h(4): warning:  #1-D: last line of file ends without a newline
compiling led.c...
led.h(7): warning:  #1-D: last line of file ends without a newline
led.c(67): warning:  #1-D: last line of file ends without a newline
compiling main.c...
led.h(7): warning:  #1-D: last line of file ends without a newline
keyboard.h(4): warning:  #1-D: last line of file ends without a newline
servo.h(19): warning:  #1-D: last line of file ends without a newline
timer_interrupts.h(1): warning:  #1295-D: Deprecated declaration Timer0IRQHandler - give arg types
timer_interrupts.h(2): warning:  #1-D: last line of file ends without a newline
compiling servo.c...
led.h(7): warning:  #1-D: last line of file ends without a newline
servo.h(19): warning:  #1-D: last line of file ends without a newline
timer_interrupts.h(1): warning:  #1295-D: Deprecated declaration Timer0IRQHandler - give arg types
timer_interrupts.h(2): warning:  #1-D: last line of file ends without a newline
servo.c(104): warning:  #1-D: last line of file ends without a newline
compiling timer.c...
timer.h(4): warning:  #1-D: last line of file ends without a newline
compiling timer_interrupts.c...
timer_interrupts.h(1): warning:  #1295-D: Deprecated declaration Timer0IRQHandler - give arg types
timer_interrupts.h(2): warning:  #1-D: last line of file ends without a newline
timer_interrupts.c(50): warning:  #1-D: last line of file ends without a newline
linking...
Program Size: Code=2400 RO-data=32 RW-data=8 ZI-data=1272  
FromELF: creating hex file...
".\Servo1.axf" - 0 Errors, 17 Warning(s).
Rebuild target 'Target 1'
assembling Startup.s...
compiling keyboard.c...
keyboard.h(4): warning:  #1-D: last line of file ends without a newline
compiling led.c...
led.h(7): warning:  #1-D: last line of file ends without a newline
led.c(67): warning:  #1-D: last line of file ends without a newline
compiling main.c...
led.h(7): warning:  #1-D: last line of file ends without a newline
keyboard.h(4): warning:  #1-D: last line of file ends without a newline
servo.h(19): warning:  #1-D: last line of file ends without a newline
timer_interrupts.h(1): warning:  #1295-D: Deprecated declaration Timer0IRQHandler - give arg types
timer_interrupts.h(2): warning:  #1-D: last line of file ends without a newline
compiling servo.c...
led.h(7): warning:  #1-D: last line of file ends without a newline
servo.h(19): warning:  #1-D: last line of file ends without a newline
timer_interrupts.h(1): warning:  #1295-D: Deprecated declaration Timer0IRQHandler - give arg types
timer_interrupts.h(2): warning:  #1-D: last line of file ends without a newline
servo.c(104): warning:  #1-D: last line of file ends without a newline
compiling timer.c...
timer.h(4): warning:  #1-D: last line of file ends without a newline
compiling timer_interrupts.c...
timer_interrupts.h(1): warning:  #1295-D: Deprecated declaration Timer0IRQHandler - give arg types
timer_interrupts.h(2): warning:  #1-D: last line of file ends without a newline
timer_interrupts.c(50): warning:  #1-D: last line of file ends without a newline
linking...
Program Size: Code=2408 RO-data=32 RW-data=8 ZI-data=1272  
FromELF: creating hex file...
".\Servo1.axf" - 0 Errors, 17 Warning(s).
Rebuild target 'Target 1'
assembling Startup.s...
compiling keyboard.c...
keyboard.h(4): warning:  #1-D: last line of file ends without a newline
compiling led.c...
led.h(7): warning:  #1-D: last line of file ends without a newline
led.c(67): warning:  #1-D: last line of file ends without a newline
compiling main.c...
led.h(7): warning:  #1-D: last line of file ends without a newline
keyboard.h(4): warning:  #1-D: last line of file ends without a newline
servo.h(19): warning:  #1-D: last line of file ends without a newline
timer_interrupts.h(1): warning:  #1295-D: Deprecated declaration Timer0IRQHandler - give arg types
timer_interrupts.h(2): warning:  #1-D: last line of file ends without a newline
compiling servo.c...
led.h(7): warning:  #1-D: last line of file ends without a newline
servo.h(19): warning:  #1-D: last line of file ends without a newline
timer_interrupts.h(1): warning:  #1295-D: Deprecated declaration Timer0IRQHandler - give arg types
timer_interrupts.h(2): warning:  #1-D: last line of file ends without a newline
servo.c(104): warning:  #1-D: last line of file ends without a newline
compiling timer.c...
timer.h(4): warning:  #1-D: last line of file ends without a newline
compiling timer_interrupts.c...
timer_interrupts.h(1): warning:  #1295-D: Deprecated declaration Timer0IRQHandler - give arg types
timer_interrupts.h(2): warning:  #1-D: last line of file ends without a newline
timer_interrupts.c(50): warning:  #1-D: last line of file ends without a newline
linking...
Program Size: Code=2408 RO-data=32 RW-data=8 ZI-data=1272  
FromELF: creating hex file...
".\Servo1.axf" - 0 Errors, 17 Warning(s).
Rebuild target 'Target 1'
assembling Startup.s...
compiling keyboard.c...
keyboard.h(4): warning:  #1-D: last line of file ends without a newline
compiling led.c...
led.h(7): warning:  #1-D: last line of file ends without a newline
led.c(67): warning:  #1-D: last line of file ends without a newline
compiling main.c...
led.h(7): warning:  #1-D: last line of file ends without a newline
keyboard.h(4): warning:  #1-D: last line of file ends without a newline
servo.h(19): warning:  #1-D: last line of file ends without a newline
timer_interrupts.h(1): warning:  #1295-D: Deprecated declaration Timer0IRQHandler - give arg types
timer_interrupts.h(2): warning:  #1-D: last line of file ends without a newline
compiling servo.c...
led.h(7): warning:  #1-D: last line of file ends without a newline
servo.h(19): warning:  #1-D: last line of file ends without a newline
timer_interrupts.h(1): warning:  #1295-D: Deprecated declaration Timer0IRQHandler - give arg types
timer_interrupts.h(2): warning:  #1-D: last line of file ends without a newline
servo.c(97): warning:  #1-D: last line of file ends without a newline
compiling timer.c...
timer.h(4): warning:  #1-D: last line of file ends without a newline
compiling timer_interrupts.c...
timer_interrupts.h(1): warning:  #1295-D: Deprecated declaration Timer0IRQHandler - give arg types
timer_interrupts.h(2): warning:  #1-D: last line of file ends without a newline
timer_interrupts.c(50): warning:  #1-D: last line of file ends without a newline
linking...
Program Size: Code=2416 RO-data=32 RW-data=8 ZI-data=1272  
FromELF: creating hex file...
".\Servo1.axf" - 0 Errors, 17 Warning(s).
Rebuild target 'Target 1'
assembling Startup.s...
compiling keyboard.c...
keyboard.h(4): warning:  #1-D: last line of file ends without a newline
compiling led.c...
led.h(7): warning:  #1-D: last line of file ends without a newline
led.c(67): warning:  #1-D: last line of file ends without a newline
compiling main.c...
led.h(7): warning:  #1-D: last line of file ends without a newline
keyboard.h(4): warning:  #1-D: last line of file ends without a newline
servo.h(19): warning:  #1-D: last line of file ends without a newline
timer_interrupts.h(1): warning:  #1295-D: Deprecated declaration Timer0IRQHandler - give arg types
timer_interrupts.h(2): warning:  #1-D: last line of file ends without a newline
compiling servo.c...
led.h(7): warning:  #1-D: last line of file ends without a newline
servo.h(19): warning:  #1-D: last line of file ends without a newline
timer_interrupts.h(1): warning:  #1295-D: Deprecated declaration Timer0IRQHandler - give arg types
timer_interrupts.h(2): warning:  #1-D: last line of file ends without a newline
servo.c(97): warning:  #1-D: last line of file ends without a newline
compiling timer.c...
timer.h(4): warning:  #1-D: last line of file ends without a newline
compiling timer_interrupts.c...
timer_interrupts.h(1): warning:  #1295-D: Deprecated declaration Timer0IRQHandler - give arg types
timer_interrupts.h(2): warning:  #1-D: last line of file ends without a newline
timer_interrupts.c(50): warning:  #1-D: last line of file ends without a newline
linking...
Program Size: Code=2408 RO-data=32 RW-data=8 ZI-data=1272  
FromELF: creating hex file...
".\Servo1.axf" - 0 Errors, 17 Warning(s).
Rebuild target 'Target 1'
assembling Startup.s...
compiling keyboard.c...
keyboard.h(4): warning:  #1-D: last line of file ends without a newline
compiling led.c...
led.h(7): warning:  #1-D: last line of file ends without a newline
led.c(67): warning:  #1-D: last line of file ends without a newline
compiling main.c...
led.h(7): warning:  #1-D: last line of file ends without a newline
keyboard.h(4): warning:  #1-D: last line of file ends without a newline
servo.h(19): warning:  #1-D: last line of file ends without a newline
timer_interrupts.h(1): warning:  #1295-D: Deprecated declaration Timer0IRQHandler - give arg types
timer_interrupts.h(2): warning:  #1-D: last line of file ends without a newline
compiling servo.c...
led.h(7): warning:  #1-D: last line of file ends without a newline
servo.h(19): warning:  #1-D: last line of file ends without a newline
timer_interrupts.h(1): warning:  #1295-D: Deprecated declaration Timer0IRQHandler - give arg types
timer_interrupts.h(2): warning:  #1-D: last line of file ends without a newline
servo.c(97): warning:  #1-D: last line of file ends without a newline
compiling timer.c...
timer.h(4): warning:  #1-D: last line of file ends without a newline
compiling timer_interrupts.c...
timer_interrupts.h(1): warning:  #1295-D: Deprecated declaration Timer0IRQHandler - give arg types
timer_interrupts.h(2): warning:  #1-D: last line of file ends without a newline
timer_interrupts.c(50): warning:  #1-D: last line of file ends without a newline
linking...
Program Size: Code=2408 RO-data=32 RW-data=8 ZI-data=1272  
FromELF: creating hex file...
".\Servo1.axf" - 0 Errors, 17 Warning(s).
Rebuild target 'Target 1'
assembling Startup.s...
compiling keyboard.c...
keyboard.h(4): warning:  #1-D: last line of file ends without a newline
compiling led.c...
led.h(7): warning:  #1-D: last line of file ends without a newline
led.c(67): warning:  #1-D: last line of file ends without a newline
compiling main.c...
led.h(7): warning:  #1-D: last line of file ends without a newline
keyboard.h(4): warning:  #1-D: last line of file ends without a newline
servo.h(19): warning:  #1-D: last line of file ends without a newline
timer_interrupts.h(1): warning:  #1295-D: Deprecated declaration Timer0IRQHandler - give arg types
timer_interrupts.h(2): warning:  #1-D: last line of file ends without a newline
compiling servo.c...
led.h(7): warning:  #1-D: last line of file ends without a newline
servo.h(19): warning:  #1-D: last line of file ends without a newline
timer_interrupts.h(1): warning:  #1295-D: Deprecated declaration Timer0IRQHandler - give arg types
timer_interrupts.h(2): warning:  #1-D: last line of file ends without a newline
servo.c(97): warning:  #1-D: last line of file ends without a newline
compiling timer.c...
timer.h(4): warning:  #1-D: last line of file ends without a newline
compiling timer_interrupts.c...
timer_interrupts.h(1): warning:  #1295-D: Deprecated declaration Timer0IRQHandler - give arg types
timer_interrupts.h(2): warning:  #1-D: last line of file ends without a newline
timer_interrupts.c(50): warning:  #1-D: last line of file ends without a newline
linking...
Program Size: Code=2408 RO-data=32 RW-data=8 ZI-data=1272  
FromELF: creating hex file...
".\Servo1.axf" - 0 Errors, 17 Warning(s).
Rebuild target 'Target 1'
assembling Startup.s...
compiling keyboard.c...
keyboard.h(4): warning:  #1-D: last line of file ends without a newline
compiling led.c...
led.h(7): warning:  #1-D: last line of file ends without a newline
led.c(67): warning:  #1-D: last line of file ends without a newline
compiling main.c...
led.h(7): warning:  #1-D: last line of file ends without a newline
keyboard.h(4): warning:  #1-D: last line of file ends without a newline
servo.h(19): warning:  #1-D: last line of file ends without a newline
timer_interrupts.h(1): warning:  #1295-D: Deprecated declaration Timer0IRQHandler - give arg types
timer_interrupts.h(2): warning:  #1-D: last line of file ends without a newline
compiling servo.c...
led.h(7): warning:  #1-D: last line of file ends without a newline
servo.h(19): warning:  #1-D: last line of file ends without a newline
timer_interrupts.h(1): warning:  #1295-D: Deprecated declaration Timer0IRQHandler - give arg types
timer_interrupts.h(2): warning:  #1-D: last line of file ends without a newline
servo.c(103): warning:  #1-D: last line of file ends without a newline
compiling timer.c...
timer.h(4): warning:  #1-D: last line of file ends without a newline
compiling timer_interrupts.c...
timer_interrupts.h(1): warning:  #1295-D: Deprecated declaration Timer0IRQHandler - give arg types
timer_interrupts.h(2): warning:  #1-D: last line of file ends without a newline
timer_interrupts.c(50): warning:  #1-D: last line of file ends without a newline
linking...
Program Size: Code=2436 RO-data=32 RW-data=8 ZI-data=1272  
FromELF: creating hex file...
".\Servo1.axf" - 0 Errors, 17 Warning(s).
Rebuild target 'Target 1'
assembling Startup.s...
compiling keyboard.c...
keyboard.h(4): warning:  #1-D: last line of file ends without a newline
compiling led.c...
led.h(7): warning:  #1-D: last line of file ends without a newline
led.c(67): warning:  #1-D: last line of file ends without a newline
compiling main.c...
led.h(7): warning:  #1-D: last line of file ends without a newline
keyboard.h(4): warning:  #1-D: last line of file ends without a newline
servo.h(19): warning:  #1-D: last line of file ends without a newline
timer_interrupts.h(1): warning:  #1295-D: Deprecated declaration Timer0IRQHandler - give arg types
timer_interrupts.h(2): warning:  #1-D: last line of file ends without a newline
compiling servo.c...
led.h(7): warning:  #1-D: last line of file ends without a newline
servo.h(19): warning:  #1-D: last line of file ends without a newline
timer_interrupts.h(1): warning:  #1295-D: Deprecated declaration Timer0IRQHandler - give arg types
timer_interrupts.h(2): warning:  #1-D: last line of file ends without a newline
servo.c(103): warning:  #1-D: last line of file ends without a newline
compiling timer.c...
timer.h(4): warning:  #1-D: last line of file ends without a newline
compiling timer_interrupts.c...
timer_interrupts.h(1): warning:  #1295-D: Deprecated declaration Timer0IRQHandler - give arg types
timer_interrupts.h(2): warning:  #1-D: last line of file ends without a newline
timer_interrupts.c(50): warning:  #1-D: last line of file ends without a newline
linking...
Program Size: Code=2428 RO-data=32 RW-data=8 ZI-data=1272  
FromELF: creating hex file...
".\Servo1.axf" - 0 Errors, 17 Warning(s).
Rebuild target 'Target 1'
assembling Startup.s...
compiling keyboard.c...
keyboard.h(4): warning:  #1-D: last line of file ends without a newline
compiling led.c...
led.h(7): warning:  #1-D: last line of file ends without a newline
led.c(67): warning:  #1-D: last line of file ends without a newline
compiling main.c...
led.h(7): warning:  #1-D: last line of file ends without a newline
keyboard.h(4): warning:  #1-D: last line of file ends without a newline
servo.h(19): warning:  #1-D: last line of file ends without a newline
timer_interrupts.h(1): warning:  #1295-D: Deprecated declaration Timer0IRQHandler - give arg types
timer_interrupts.h(2): warning:  #1-D: last line of file ends without a newline
compiling servo.c...
led.h(7): warning:  #1-D: last line of file ends without a newline
servo.h(19): warning:  #1-D: last line of file ends without a newline
timer_interrupts.h(1): warning:  #1295-D: Deprecated declaration Timer0IRQHandler - give arg types
timer_interrupts.h(2): warning:  #1-D: last line of file ends without a newline
servo.c(103): warning:  #1-D: last line of file ends without a newline
compiling timer.c...
timer.h(4): warning:  #1-D: last line of file ends without a newline
compiling timer_interrupts.c...
timer_interrupts.h(1): warning:  #1295-D: Deprecated declaration Timer0IRQHandler - give arg types
timer_interrupts.h(2): warning:  #1-D: last line of file ends without a newline
timer_interrupts.c(50): warning:  #1-D: last line of file ends without a newline
linking...
Program Size: Code=2428 RO-data=32 RW-data=8 ZI-data=1272  
FromELF: creating hex file...
".\Servo1.axf" - 0 Errors, 17 Warning(s).
Rebuild target 'Target 1'
assembling Startup.s...
compiling keyboard.c...
keyboard.h(4): warning:  #1-D: last line of file ends without a newline
compiling led.c...
led.h(7): warning:  #1-D: last line of file ends without a newline
led.c(67): warning:  #1-D: last line of file ends without a newline
compiling main.c...
led.h(7): warning:  #1-D: last line of file ends without a newline
keyboard.h(4): warning:  #1-D: last line of file ends without a newline
servo.h(19): warning:  #1-D: last line of file ends without a newline
timer_interrupts.h(1): warning:  #1295-D: Deprecated declaration Timer0IRQHandler - give arg types
timer_interrupts.h(2): warning:  #1-D: last line of file ends without a newline
compiling servo.c...
led.h(7): warning:  #1-D: last line of file ends without a newline
servo.h(19): warning:  #1-D: last line of file ends without a newline
timer_interrupts.h(1): warning:  #1295-D: Deprecated declaration Timer0IRQHandler - give arg types
timer_interrupts.h(2): warning:  #1-D: last line of file ends without a newline
servo.c(98): warning:  #1-D: last line of file ends without a newline
compiling timer.c...
timer.h(4): warning:  #1-D: last line of file ends without a newline
compiling timer_interrupts.c...
timer_interrupts.h(1): warning:  #1295-D: Deprecated declaration Timer0IRQHandler - give arg types
timer_interrupts.h(2): warning:  #1-D: last line of file ends without a newline
timer_interrupts.c(50): warning:  #1-D: last line of file ends without a newline
linking...
Program Size: Code=2404 RO-data=32 RW-data=8 ZI-data=1272  
FromELF: creating hex file...
".\Servo1.axf" - 0 Errors, 17 Warning(s).
Rebuild target 'Target 1'
assembling Startup.s...
compiling keyboard.c...
keyboard.h(4): warning:  #1-D: last line of file ends without a newline
compiling led.c...
led.h(7): warning:  #1-D: last line of file ends without a newline
led.c(67): warning:  #1-D: last line of file ends without a newline
compiling main.c...
led.h(7): warning:  #1-D: last line of file ends without a newline
keyboard.h(4): warning:  #1-D: last line of file ends without a newline
servo.h(20): warning:  #1-D: last line of file ends without a newline
timer_interrupts.h(1): warning:  #1295-D: Deprecated declaration Timer0IRQHandler - give arg types
timer_interrupts.h(2): warning:  #1-D: last line of file ends without a newline
compiling servo.c...
led.h(7): warning:  #1-D: last line of file ends without a newline
servo.h(20): warning:  #1-D: last line of file ends without a newline
timer_interrupts.h(1): warning:  #1295-D: Deprecated declaration Timer0IRQHandler - give arg types
timer_interrupts.h(2): warning:  #1-D: last line of file ends without a newline
servo.c(111): warning:  #1-D: last line of file ends without a newline
compiling timer.c...
timer.h(4): warning:  #1-D: last line of file ends without a newline
compiling timer_interrupts.c...
timer_interrupts.h(1): warning:  #1295-D: Deprecated declaration Timer0IRQHandler - give arg types
timer_interrupts.h(2): warning:  #1-D: last line of file ends without a newline
timer_interrupts.c(50): warning:  #1-D: last line of file ends without a newline
linking...
.\Servo1.axf: Error: L6200E: Symbol uiCallibPosition multiply defined (by servo.o and main.o).
".\Servo1.axf" - 1 Errors, 17 Warning(s).
Target not created
Rebuild target 'Target 1'
assembling Startup.s...
compiling keyboard.c...
keyboard.h(4): warning:  #1-D: last line of file ends without a newline
compiling led.c...
led.h(7): warning:  #1-D: last line of file ends without a newline
led.c(67): warning:  #1-D: last line of file ends without a newline
compiling main.c...
led.h(7): warning:  #1-D: last line of file ends without a newline
keyboard.h(4): warning:  #1-D: last line of file ends without a newline
servo.h(20): warning:  #1-D: last line of file ends without a newline
timer_interrupts.h(1): warning:  #1295-D: Deprecated declaration Timer0IRQHandler - give arg types
timer_interrupts.h(2): warning:  #1-D: last line of file ends without a newline
compiling servo.c...
led.h(7): warning:  #1-D: last line of file ends without a newline
servo.h(20): warning:  #1-D: last line of file ends without a newline
timer_interrupts.h(1): warning:  #1295-D: Deprecated declaration Timer0IRQHandler - give arg types
timer_interrupts.h(2): warning:  #1-D: last line of file ends without a newline
servo.c(113): warning:  #1-D: last line of file ends without a newline
compiling timer.c...
timer.h(4): warning:  #1-D: last line of file ends without a newline
compiling timer_interrupts.c...
timer_interrupts.h(1): warning:  #1295-D: Deprecated declaration Timer0IRQHandler - give arg types
timer_interrupts.h(2): warning:  #1-D: last line of file ends without a newline
timer_interrupts.c(50): warning:  #1-D: last line of file ends without a newline
linking...
.\Servo1.axf: Error: L6200E: Symbol uiCallibPosition multiply defined (by servo.o and main.o).
".\Servo1.axf" - 1 Errors, 17 Warning(s).
Target not created
Rebuild target 'Target 1'
assembling Startup.s...
compiling keyboard.c...
keyboard.h(4): warning:  #1-D: last line of file ends without a newline
compiling led.c...
led.h(7): warning:  #1-D: last line of file ends without a newline
led.c(67): warning:  #1-D: last line of file ends without a newline
compiling main.c...
led.h(7): warning:  #1-D: last line of file ends without a newline
keyboard.h(4): warning:  #1-D: last line of file ends without a newline
servo.h(20): warning:  #1-D: last line of file ends without a newline
timer_interrupts.h(1): warning:  #1295-D: Deprecated declaration Timer0IRQHandler - give arg types
timer_interrupts.h(2): warning:  #1-D: last line of file ends without a newline
compiling servo.c...
led.h(7): warning:  #1-D: last line of file ends without a newline
servo.h(20): warning:  #1-D: last line of file ends without a newline
timer_interrupts.h(1): warning:  #1295-D: Deprecated declaration Timer0IRQHandler - give arg types
timer_interrupts.h(2): warning:  #1-D: last line of file ends without a newline
servo.c(113): warning:  #1-D: last line of file ends without a newline
compiling timer.c...
timer.h(4): warning:  #1-D: last line of file ends without a newline
compiling timer_interrupts.c...
timer_interrupts.h(1): warning:  #1295-D: Deprecated declaration Timer0IRQHandler - give arg types
timer_interrupts.h(2): warning:  #1-D: last line of file ends without a newline
timer_interrupts.c(50): warning:  #1-D: last line of file ends without a newline
linking...
Program Size: Code=2476 RO-data=32 RW-data=12 ZI-data=1268  
FromELF: creating hex file...
".\Servo1.axf" - 0 Errors, 17 Warning(s).
Rebuild target 'Target 1'
assembling Startup.s...
compiling keyboard.c...
keyboard.h(4): warning:  #1-D: last line of file ends without a newline
compiling led.c...
led.h(7): warning:  #1-D: last line of file ends without a newline
led.c(67): warning:  #1-D: last line of file ends without a newline
compiling main.c...
led.h(7): warning:  #1-D: last line of file ends without a newline
keyboard.h(4): warning:  #1-D: last line of file ends without a newline
servo.h(20): warning:  #1-D: last line of file ends without a newline
timer_interrupts.h(1): warning:  #1295-D: Deprecated declaration Timer0IRQHandler - give arg types
timer_interrupts.h(2): warning:  #1-D: last line of file ends without a newline
compiling servo.c...
led.h(7): warning:  #1-D: last line of file ends without a newline
servo.h(20): warning:  #1-D: last line of file ends without a newline
timer_interrupts.h(1): warning:  #1295-D: Deprecated declaration Timer0IRQHandler - give arg types
timer_interrupts.h(2): warning:  #1-D: last line of file ends without a newline
servo.c(113): warning:  #1-D: last line of file ends without a newline
compiling timer.c...
timer.h(4): warning:  #1-D: last line of file ends without a newline
compiling timer_interrupts.c...
timer_interrupts.h(1): warning:  #1295-D: Deprecated declaration Timer0IRQHandler - give arg types
timer_interrupts.h(2): warning:  #1-D: last line of file ends without a newline
timer_interrupts.c(50): warning:  #1-D: last line of file ends without a newline
linking...
Program Size: Code=2484 RO-data=32 RW-data=12 ZI-data=1268  
FromELF: creating hex file...
".\Servo1.axf" - 0 Errors, 17 Warning(s).
Rebuild target 'Target 1'
assembling Startup.s...
compiling keyboard.c...
keyboard.h(4): warning:  #1-D: last line of file ends without a newline
compiling led.c...
led.h(7): warning:  #1-D: last line of file ends without a newline
led.c(67): warning:  #1-D: last line of file ends without a newline
compiling main.c...
led.h(7): warning:  #1-D: last line of file ends without a newline
keyboard.h(4): warning:  #1-D: last line of file ends without a newline
servo.h(20): warning:  #1-D: last line of file ends without a newline
timer_interrupts.h(1): warning:  #1295-D: Deprecated declaration Timer0IRQHandler - give arg types
timer_interrupts.h(2): warning:  #1-D: last line of file ends without a newline
compiling servo.c...
led.h(7): warning:  #1-D: last line of file ends without a newline
servo.h(20): warning:  #1-D: last line of file ends without a newline
timer_interrupts.h(1): warning:  #1295-D: Deprecated declaration Timer0IRQHandler - give arg types
timer_interrupts.h(2): warning:  #1-D: last line of file ends without a newline
servo.c(113): warning:  #1-D: last line of file ends without a newline
compiling timer.c...
timer.h(4): warning:  #1-D: last line of file ends without a newline
compiling timer_interrupts.c...
timer_interrupts.h(1): warning:  #1295-D: Deprecated declaration Timer0IRQHandler - give arg types
timer_interrupts.h(2): warning:  #1-D: last line of file ends without a newline
timer_interrupts.c(50): warning:  #1-D: last line of file ends without a newline
linking...
Program Size: Code=2484 RO-data=32 RW-data=12 ZI-data=1268  
FromELF: creating hex file...
".\Servo1.axf" - 0 Errors, 17 Warning(s).
Rebuild target 'Target 1'
assembling Startup.s...
[...]
timer_interrupts.h(2): warning:  #1-D: last line of file ends without a newline
timer_interrupts.c(50): warning:  #1-D: last line of file ends without a newline
linking...
Program Size: Code=2420 RO-data=32 RW-data=8 ZI-data=1272  
FromELF: creating hex file...
".\Servo1.axf" - 0 Errors, 17 Warning(s).
Rebuild target 'Target 1'
assembling Startup.s...
compiling keyboard.c...
keyboard.h(4): warning:  #1-D: last line of file ends without a newline
compiling led.c...
led.h(7): warning:  #1-D: last line of file ends without a newline
led.c(67): warning:  #1-D: last line of file ends without a newline
compiling main.c...
led.h(7): warning:  #1-D: last line of file ends without a newline
keyboard.h(4): warning:  #1-D: last line of file ends without a newline
servo.h(21): warning:  #1-D: last line of file ends without a newline
timer_interrupts.h(1): warning:  #1295-D: Deprecated declaration Timer0IRQHandler - give arg types
timer_interrupts.h(2): warning:  #1-D: last line of file ends without a newline
compiling servo.c...
led.h(7): warning:  #1-D: last line of file ends without a newline
servo.h(21): warning:  #1-D: last line of file ends without a newline
timer_interrupts.h(1): warning:  #1295-D: Deprecated declaration Timer0IRQHandler - give arg types
timer_interrupts.h(2): warning:  #1-D: last line of file ends without a newline
servo.c(122): warning:  #1-D: last line of file ends without a newline
compiling timer.c...
timer.h(4): warning:  #1-D: last line of file ends without a newline
compiling timer_interrupts.c...
timer_interrupts.h(1): warning:  #1295-D: Deprecated declaration Timer0IRQHandler - give arg types
timer_interrupts.h(2): warning:  #1-D: last line of file ends without a newline
timer_interrupts.c(50): warning:  #1-D: last line of file ends without a newline
linking...
Program Size: Code=2408 RO-data=32 RW-data=8 ZI-data=1272  
FromELF: creating hex file...
".\Servo1.axf" - 0 Errors, 17 Warning(s).
Rebuild target 'Target 1'
assembling Startup.s...
compiling keyboard.c...
keyboard.h(4): warning:  #1-D: last line of file ends without a newline
compiling led.c...
led.h(7): warning:  #1-D: last line of file ends without a newline
led.c(67): warning:  #1-D: last line of file ends without a newline
compiling main.c...
led.h(7): warning:  #1-D: last line of file ends without a newline
keyboard.h(4): warning:  #1-D: last line of file ends without a newline
servo.h(21): warning:  #1-D: last line of file ends without a newline
timer_interrupts.h(1): warning:  #1295-D: Deprecated declaration Timer0IRQHandler - give arg types
timer_interrupts.h(2): warning:  #1-D: last line of file ends without a newline
compiling servo.c...
led.h(7): warning:  #1-D: last line of file ends without a newline
servo.h(21): warning:  #1-D: last line of file ends without a newline
timer_interrupts.h(1): warning:  #1295-D: Deprecated declaration Timer0IRQHandler - give arg types
timer_interrupts.h(2): warning:  #1-D: last line of file ends without a newline
servo.c(122): warning:  #1-D: last line of file ends without a newline
compiling timer.c...
timer.h(4): warning:  #1-D: last line of file ends without a newline
compiling timer_interrupts.c...
timer_interrupts.h(1): warning:  #1295-D: Deprecated declaration Timer0IRQHandler - give arg types
timer_interrupts.h(2): warning:  #1-D: last line of file ends without a newline
timer_interrupts.c(50): warning:  #1-D: last line of file ends without a newline
linking...
Program Size: Code=2416 RO-data=32 RW-data=8 ZI-data=1272  
FromELF: creating hex file...
".\Servo1.axf" - 0 Errors, 17 Warning(s).
Rebuild target 'Target 1'
assembling Startup.s...
compiling keyboard.c...
keyboard.h(4): warning:  #1-D: last line of file ends without a newline
compiling led.c...
led.h(7): warning:  #1-D: last line of file ends without a newline
led.c(67): warning:  #1-D: last line of file ends without a newline
compiling main.c...
led.h(7): warning:  #1-D: last line of file ends without a newline
keyboard.h(4): warning:  #1-D: last line of file ends without a newline
servo.h(21): warning:  #1-D: last line of file ends without a newline
timer_interrupts.h(1): warning:  #1295-D: Deprecated declaration Timer0IRQHandler - give arg types
timer_interrupts.h(2): warning:  #1-D: last line of file ends without a newline
compiling servo.c...
led.h(7): warning:  #1-D: last line of file ends without a newline
servo.h(21): warning:  #1-D: last line of file ends without a newline
timer_interrupts.h(1): warning:  #1295-D: Deprecated declaration Timer0IRQHandler - give arg types
timer_interrupts.h(2): warning:  #1-D: last line of file ends without a newline
servo.c(122): warning:  #1-D: last line of file ends without a newline
compiling timer.c...
timer.h(4): warning:  #1-D: last line of file ends without a newline
compiling timer_interrupts.c...
timer_interrupts.h(1): warning:  #1295-D: Deprecated declaration Timer0IRQHandler - give arg types
timer_interrupts.h(2): warning:  #1-D: last line of file ends without a newline
timer_interrupts.c(50): warning:  #1-D: last line of file ends without a newline
linking...
Program Size: Code=2412 RO-data=32 RW-data=8 ZI-data=1272  
FromELF: creating hex file...
".\Servo1.axf" - 0 Errors, 17 Warning(s).
Rebuild target 'Target 1'
assembling Startup.s...
compiling keyboard.c...
keyboard.h(4): warning:  #1-D: last line of file ends without a newline
compiling led.c...
led.h(7): warning:  #1-D: last line of file ends without a newline
led.c(67): warning:  #1-D: last line of file ends without a newline
compiling main.c...
led.h(7): warning:  #1-D: last line of file ends without a newline
keyboard.h(4): warning:  #1-D: last line of file ends without a newline
servo.h(21): warning:  #1-D: last line of file ends without a newline
timer_interrupts.h(1): warning:  #1295-D: Deprecated declaration Timer0IRQHandler - give arg types
timer_interrupts.h(2): warning:  #1-D: last line of file ends without a newline
compiling servo.c...
led.h(7): warning:  #1-D: last line of file ends without a newline
servo.h(21): warning:  #1-D: last line of file ends without a newline
timer_interrupts.h(1): warning:  #1295-D: Deprecated declaration Timer0IRQHandler - give arg types
timer_interrupts.h(2): warning:  #1-D: last line of file ends without a newline
servo.c(122): warning:  #1-D: last line of file ends without a newline
compiling timer.c...
timer.h(4): warning:  #1-D: last line of file ends without a newline
compiling timer_interrupts.c...
timer_interrupts.h(1): warning:  #1295-D: Deprecated declaration Timer0IRQHandler - give arg types
timer_interrupts.h(2): warning:  #1-D: last line of file ends without a newline
timer_interrupts.c(50): warning:  #1-D: last line of file ends without a newline
linking...
Program Size: Code=2408 RO-data=32 RW-data=8 ZI-data=1272  
FromELF: creating hex file...
".\Servo1.axf" - 0 Errors, 17 Warning(s).
Rebuild target 'Target 1'
assembling Startup.s...
compiling keyboard.c...
keyboard.h(4): warning:  #1-D: last line of file ends without a newline
compiling led.c...
led.h(7): warning:  #1-D: last line of file ends without a newline
led.c(67): warning:  #1-D: last line of file ends without a newline
compiling main.c...
led.h(7): warning:  #1-D: last line of file ends without a newline
keyboard.h(4): warning:  #1-D: last line of file ends without a newline
servo.h(21): warning:  #1-D: last line of file ends without a newline
timer_interrupts.h(1): warning:  #1295-D: Deprecated declaration Timer0IRQHandler - give arg types
timer_interrupts.h(2): warning:  #1-D: last line of file ends without a newline
compiling servo.c...
led.h(7): warning:  #1-D: last line of file ends without a newline
servo.h(21): warning:  #1-D: last line of file ends without a newline
timer_interrupts.h(1): warning:  #1295-D: Deprecated declaration Timer0IRQHandler - give arg types
timer_interrupts.h(2): warning:  #1-D: last line of file ends without a newline
servo.c(122): warning:  #1-D: last line of file ends without a newline
compiling timer.c...
timer.h(4): warning:  #1-D: last line of file ends without a newline
compiling timer_interrupts.c...
timer_interrupts.h(1): warning:  #1295-D: Deprecated declaration Timer0IRQHandler - give arg types
timer_interrupts.h(2): warning:  #1-D: last line of file ends without a newline
timer_interrupts.c(50): warning:  #1-D: last line of file ends without a newline
linking...
Program Size: Code=2412 RO-data=32 RW-data=8 ZI-data=1272  
FromELF: creating hex file...
".\Servo1.axf" - 0 Errors, 17 Warning(s).
Rebuild target 'Target 1'
assembling Startup.s...
compiling keyboard.c...
keyboard.h(4): warning:  #1-D: last line of file ends without a newline
compiling led.c...
led.h(7): warning:  #1-D: last line of file ends without a newline
led.c(67): warning:  #1-D: last line of file ends without a newline
compiling main.c...
led.h(7): warning:  #1-D: last line of file ends without a newline
keyboard.h(4): warning:  #1-D: last line of file ends without a newline
servo.h(21): warning:  #1-D: last line of file ends without a newline
timer_interrupts.h(1): warning:  #1295-D: Deprecated declaration Timer0IRQHandler - give arg types
timer_interrupts.h(2): warning:  #1-D: last line of file ends without a newline
compiling servo.c...
led.h(7): warning:  #1-D: last line of file ends without a newline
servo.h(21): warning:  #1-D: last line of file ends without a newline
timer_interrupts.h(1): warning:  #1295-D: Deprecated declaration Timer0IRQHandler - give arg types
timer_interrupts.h(2): warning:  #1-D: last line of file ends without a newline
servo.c(122): warning:  #1-D: last line of file ends without a newline
compiling timer.c...
timer.h(4): warning:  #1-D: last line of file ends without a newline
compiling timer_interrupts.c...
timer_interrupts.h(1): warning:  #1295-D: Deprecated declaration Timer0IRQHandler - give arg types
timer_interrupts.h(2): warning:  #1-D: last line of file ends without a newline
timer_interrupts.c(50): warning:  #1-D: last line of file ends without a newline
linking...
Program Size: Code=2416 RO-data=32 RW-data=8 ZI-data=1272  
FromELF: creating hex file...
".\Servo1.axf" - 0 Errors, 17 Warning(s).
Rebuild target 'Target 1'
assembling Startup.s...
compiling keyboard.c...
keyboard.h(4): warning:  #1-D: last line of file ends without a newline
compiling led.c...
led.h(7): warning:  #1-D: last line of file ends without a newline
led.c(67): warning:  #1-D: last line of file ends without a newline
compiling main.c...
led.h(7): warning:  #1-D: last line of file ends without a newline
keyboard.h(4): warning:  #1-D: last line of file ends without a newline
servo.h(21): warning:  #1-D: last line of file ends without a newline
timer_interrupts.h(1): warning:  #1295-D: Deprecated declaration Timer0IRQHandler - give arg types
timer_interrupts.h(2): warning:  #1-D: last line of file ends without a newline
compiling servo.c...
led.h(7): warning:  #1-D: last line of file ends without a newline
servo.h(21): warning:  #1-D: last line of file ends without a newline
timer_interrupts.h(1): warning:  #1295-D: Deprecated declaration Timer0IRQHandler - give arg types
timer_interrupts.h(2): warning:  #1-D: last line of file ends without a newline
servo.c(122): warning:  #1-D: last line of file ends without a newline
compiling timer.c...
timer.h(4): warning:  #1-D: last line of file ends without a newline
compiling timer_interrupts.c...
timer_interrupts.h(1): warning:  #1295-D: Deprecated declaration Timer0IRQHandler - give arg types
timer_interrupts.h(2): warning:  #1-D: last line of file ends without a newline
timer_interrupts.c(50): warning:  #1-D: last line of file ends without a newline
linking...
Program Size: Code=2412 RO-data=32 RW-data=8 ZI-data=1272  
FromELF: creating hex file...
".\Servo1.axf" - 0 Errors, 17 Warning(s).
Rebuild target 'Target 1'
assembling Startup.s...
compiling keyboard.c...
keyboard.h(4): warning:  #1-D: last line of file ends without a newline
compiling led.c...
led.h(7): warning:  #1-D: last line of file ends without a newline
led.c(67): warning:  #1-D: last line of file ends without a newline
compiling main.c...
led.h(7): warning:  #1-D: last line of file ends without a newline
keyboard.h(4): warning:  #1-D: last line of file ends without a newline
servo.h(21): warning:  #1-D: last line of file ends without a newline
timer_interrupts.h(1): warning:  #1295-D: Deprecated declaration Timer0IRQHandler - give arg types
timer_interrupts.h(2): warning:  #1-D: last line of file ends without a newline
compiling servo.c...
led.h(7): warning:  #1-D: last line of file ends without a newline
servo.h(21): warning:  #1-D: last line of file ends without a newline
timer_interrupts.h(1): warning:  #1295-D: Deprecated declaration Timer0IRQHandler - give arg types
timer_interrupts.h(2): warning:  #1-D: last line of file ends without a newline
servo.c(122): warning:  #1-D: last line of file ends without a newline
compiling timer.c...
timer.h(4): warning:  #1-D: last line of file ends without a newline
compiling timer_interrupts.c...
timer_interrupts.h(1): warning:  #1295-D: Deprecated declaration Timer0IRQHandler - give arg types
timer_interrupts.h(2): warning:  #1-D: last line of file ends without a newline
timer_interrupts.c(50): warning:  #1-D: last line of file ends without a newline
linking...
Program Size: Code=2412 RO-data=32 RW-data=8 ZI-data=1272  
FromELF: creating hex file...
".\Servo1.axf" - 0 Errors, 17 Warning(s).
Rebuild target 'Target 1'
assembling Startup.s...
compiling keyboard.c...
keyboard.h(4): warning:  #1-D: last line of file ends without a newline
compiling led.c...
led.h(7): warning:  #1-D: last line of file ends without a newline
led.c(67): warning:  #1-D: last line of file ends without a newline
compiling main.c...
led.h(7): warning:  #1-D: last line of file ends without a newline
keyboard.h(4): warning:  #1-D: last line of file ends without a newline
servo.h(21): warning:  #1-D: last line of file ends without a newline
timer_interrupts.h(1): warning:  #1295-D: Deprecated declaration Timer0IRQHandler - give arg types
timer_interrupts.h(2): warning:  #1-D: last line of file ends without a newline
compiling servo.c...
led.h(7): warning:  #1-D: last line of file ends without a newline
servo.h(21): warning:  #1-D: last line of file ends without a newline
timer_interrupts.h(1): warning:  #1295-D: Deprecated declaration Timer0IRQHandler - give arg types
timer_interrupts.h(2): warning:  #1-D: last line of file ends without a newline
servo.c(122): warning:  #1-D: last line of file ends without a newline
compiling timer.c...
timer.h(4): warning:  #1-D: last line of file ends without a newline
compiling timer_interrupts.c...
timer_interrupts.h(1): warning:  #1295-D: Deprecated declaration Timer0IRQHandler - give arg types
timer_interrupts.h(2): warning:  #1-D: last line of file ends without a newline
timer_interrupts.c(50): warning:  #1-D: last line of file ends without a newline
linking...
Program Size: Code=2412 RO-data=32 RW-data=8 ZI-data=1272  
FromELF: creating hex file...
".\Servo1.axf" - 0 Errors, 17 Warning(s).
Rebuild target 'Target 1'
assembling Startup.s...
compiling keyboard.c...
keyboard.h(4): warning:  #1-D: last line of file ends without a newline
compiling led.c...
led.h(7): warning:  #1-D: last line of file ends without a newline
led.c(67): warning:  #1-D: last line of file ends without a newline
compiling main.c...
led.h(7): warning:  #1-D: last line of file ends without a newline
keyboard.h(4): warning:  #1-D: last line of file ends without a newline
servo.h(21): warning:  #1-D: last line of file ends without a newline
timer_interrupts.h(1): warning:  #1295-D: Deprecated declaration Timer0IRQHandler - give arg types
timer_interrupts.h(2): warning:  #1-D: last line of file ends without a newline
compiling servo.c...
led.h(7): warning:  #1-D: last line of file ends without a newline
servo.h(21): warning:  #1-D: last line of file ends without a newline
timer_interrupts.h(1): warning:  #1295-D: Deprecated declaration Timer0IRQHandler - give arg types
timer_interrupts.h(2): warning:  #1-D: last line of file ends without a newline
servo.c(99): warning:  #1-D: last line of file ends without a newline
compiling timer.c...
timer.h(4): warning:  #1-D: last line of file ends without a newline
compiling timer_interrupts.c...
timer_interrupts.h(1): warning:  #1295-D: Deprecated declaration Timer0IRQHandler - give arg types
timer_interrupts.h(2): warning:  #1-D: last line of file ends without a newline
timer_interrupts.c(50): warning:  #1-D: last line of file ends without a newline
linking...
Program Size: Code=2412 RO-data=32 RW-data=8 ZI-data=1272  
FromELF: creating hex file...
".\Servo1.axf" - 0 Errors, 17 Warning(s).
Rebuild target 'Target 1'
assembling Startup.s...
compiling keyboard.c...
keyboard.h(4): warning:  #1-D: last line of file ends without a newline
compiling led.c...
led.h(7): warning:  #1-D: last line of file ends without a newline
led.c(67): warning:  #1-D: last line of file ends without a newline
compiling main.c...
led.h(7): warning:  #1-D: last line of file ends without a newline
keyboard.h(4): warning:  #1-D: last line of file ends without a newline
servo.h(21): warning:  #1-D: last line of file ends without a newline
timer_interrupts.h(1): warning:  #1295-D: Deprecated declaration Timer0IRQHandler - give arg types
timer_interrupts.h(2): warning:  #1-D: last line of file ends without a newline
compiling servo.c...
led.h(7): warning:  #1-D: last line of file ends without a newline
servo.h(21): warning:  #1-D: last line of file ends without a newline
timer_interrupts.h(1): warning:  #1295-D: Deprecated declaration Timer0IRQHandler - give arg types
timer_interrupts.h(2): warning:  #1-D: last line of file ends without a newline
servo.c(100): warning:  #1-D: last line of file ends without a newline
compiling timer.c...
timer.h(4): warning:  #1-D: last line of file ends without a newline
compiling timer_interrupts.c...
timer_interrupts.h(1): warning:  #1295-D: Deprecated declaration Timer0IRQHandler - give arg types
timer_interrupts.h(2): warning:  #1-D: last line of file ends without a newline
timer_interrupts.c(50): warning:  #1-D: last line of file ends without a newline
linking...
Program Size: Code=2412 RO-data=32 RW-data=8 ZI-data=1272  
FromELF: creating hex file...
".\Servo1.axf" - 0 Errors, 17 Warning(s).
Rebuild target 'Target 1'
assembling Startup.s...
compiling keyboard.c...
keyboard.h(4): warning:  #1-D: last line of file ends without a newline
compiling led.c...
led.h(7): warning:  #1-D: last line of file ends without a newline
led.c(67): warning:  #1-D: last line of file ends without a newline
compiling main.c...
led.h(7): warning:  #1-D: last line of file ends without a newline
keyboard.h(4): warning:  #1-D: last line of file ends without a newline
servo.h(21): warning:  #1-D: last line of file ends without a newline
timer_interrupts.h(1): warning:  #1295-D: Deprecated declaration Timer0IRQHandler - give arg types
timer_interrupts.h(2): warning:  #1-D: last line of file ends without a newline
compiling servo.c...
led.h(7): warning:  #1-D: last line of file ends without a newline
servo.h(21): warning:  #1-D: last line of file ends without a newline
timer_interrupts.h(1): warning:  #1295-D: Deprecated declaration Timer0IRQHandler - give arg types
timer_interrupts.h(2): warning:  #1-D: last line of file ends without a newline
servo.c(100): warning:  #1-D: last line of file ends without a newline
compiling timer.c...
timer.h(4): warning:  #1-D: last line of file ends without a newline
compiling timer_interrupts.c...
timer_interrupts.h(1): warning:  #1295-D: Deprecated declaration Timer0IRQHandler - give arg types
timer_interrupts.h(2): warning:  #1-D: last line of file ends without a newline
timer_interrupts.c(50): warning:  #1-D: last line of file ends without a newline
linking...
Program Size: Code=2412 RO-data=32 RW-data=8 ZI-data=1272  
FromELF: creating hex file...
".\Servo1.axf" - 0 Errors, 17 Warning(s).
