<html>
<body>
<pre>
<h1>µVision Build Log</h1>
<h2>Project:</h2>
C:\Users\student\Desktop\Repo\mtm_ppsw\Servo\4\Servo.uvproj
Project File Date:  05/31/2019

<h2>Output:</h2>
Rebuild target 'Target 1'
assembling Startup.s...
compiling keyboard.c...
keyboard.h(4): warning:  #1-D: last line of file ends without a newline
compiling led.c...
led.h(7): warning:  #1-D: last line of file ends without a newline
led.c(67): warning:  #1-D: last line of file ends without a newline
compiling main.c...
led.h(7): warning:  #1-D: last line of file ends without a newline
keyboard.h(4): warning:  #1-D: last line of file ends without a newline
servo.h(19): warning:  #1-D: last line of file ends without a newline
timer_interrupts.h(1): warning:  #1295-D: Deprecated declaration Timer0IRQHandler - give arg types
timer_interrupts.h(2): warning:  #1-D: last line of file ends without a newline
compiling servo.c...
led.h(7): warning:  #1-D: last line of file ends without a newline
servo.h(19): warning:  #1-D: last line of file ends without a newline
timer_interrupts.h(1): warning:  #1295-D: Deprecated declaration Timer0IRQHandler - give arg types
timer_interrupts.h(2): warning:  #1-D: last line of file ends without a newline
servo.c(41): error:  #147-D: declaration is incompatible with "void ServoGoTo(unsigned int)" (declared at line 19 of "servo.h")
servo.c(43): error:  #20: identifier "uiPosition" is undefined
servo.c(77): error:  #29: expected an expression
servo.c(82): warning:  #12-D: parsing restarts here after previous syntax error
servo.c(82): error:  #65: expected a ";"
servo.c(82): error:  #136: struct "Servo" has no field "uiCurrent"
servo.c(97): warning:  #1-D: last line of file ends without a newline
compiling timer.c...
timer.h(4): warning:  #1-D: last line of file ends without a newline
compiling timer_interrupts.c...
timer_interrupts.h(1): warning:  #1295-D: Deprecated declaration Timer0IRQHandler - give arg types
timer_interrupts.h(2): warning:  #1-D: last line of file ends without a newline
timer_interrupts.c(50): warning:  #1-D: last line of file ends without a newline
".\Servo.axf" - 5 Errors, 18 Warning(s).
Target not created
Rebuild target 'Target 1'
assembling Startup.s...
compiling keyboard.c...
keyboard.h(4): warning:  #1-D: last line of file ends without a newline
compiling led.c...
led.h(7): warning:  #1-D: last line of file ends without a newline
led.c(67): warning:  #1-D: last line of file ends without a newline
compiling main.c...
led.h(7): warning:  #1-D: last line of file ends without a newline
keyboard.h(4): warning:  #1-D: last line of file ends without a newline
servo.h(19): warning:  #1-D: last line of file ends without a newline
timer_interrupts.h(1): warning:  #1295-D: Deprecated declaration Timer0IRQHandler - give arg types
timer_interrupts.h(2): warning:  #1-D: last line of file ends without a newline
compiling servo.c...
led.h(7): warning:  #1-D: last line of file ends without a newline
servo.h(19): warning:  #1-D: last line of file ends without a newline
timer_interrupts.h(1): warning:  #1295-D: Deprecated declaration Timer0IRQHandler - give arg types
timer_interrupts.h(2): warning:  #1-D: last line of file ends without a newline
servo.c(41): error:  #147-D: declaration is incompatible with "void ServoGoTo(unsigned int)" (declared at line 19 of "servo.h")
servo.c(43): error:  #20: identifier "uiPosition" is undefined
servo.c(77): error:  #29: expected an expression
servo.c(82): warning:  #12-D: parsing restarts here after previous syntax error
servo.c(82): error:  #65: expected a ";"
servo.c(82): error:  #136: struct "Servo" has no field "uiCurrent"
servo.c(97): warning:  #1-D: last line of file ends without a newline
compiling timer.c...
timer.h(4): warning:  #1-D: last line of file ends without a newline
compiling timer_interrupts.c...
timer_interrupts.h(1): warning:  #1295-D: Deprecated declaration Timer0IRQHandler - give arg types
timer_interrupts.h(2): warning:  #1-D: last line of file ends without a newline
timer_interrupts.c(50): warning:  #1-D: last line of file ends without a newline
".\Servo.axf" - 5 Errors, 18 Warning(s).
Target not created
Rebuild target 'Target 1'
assembling Startup.s...
compiling keyboard.c...
keyboard.h(4): warning:  #1-D: last line of file ends without a newline
compiling led.c...
led.h(7): warning:  #1-D: last line of file ends without a newline
led.c(67): warning:  #1-D: last line of file ends without a newline
compiling main.c...
led.h(7): warning:  #1-D: last line of file ends without a newline
keyboard.h(4): warning:  #1-D: last line of file ends without a newline
servo.h(19): warning:  #1-D: last line of file ends without a newline
timer_interrupts.h(1): warning:  #1295-D: Deprecated declaration Timer0IRQHandler - give arg types
timer_interrupts.h(2): warning:  #1-D: last line of file ends without a newline
compiling servo.c...
led.h(7): warning:  #1-D: last line of file ends without a newline
servo.h(19): warning:  #1-D: last line of file ends without a newline
timer_interrupts.h(1): warning:  #1295-D: Deprecated declaration Timer0IRQHandler - give arg types
timer_interrupts.h(2): warning:  #1-D: last line of file ends without a newline
servo.c(41): error:  #147-D: declaration is incompatible with "void ServoGoTo(unsigned int)" (declared at line 19 of "servo.h")
servo.c(43): error:  #20: identifier "uiPosition" is undefined
servo.c(77): error:  #29: expected an expression
servo.c(82): warning:  #12-D: parsing restarts here after previous syntax error
servo.c(82): error:  #65: expected a ";"
servo.c(82): error:  #136: struct "Servo" has no field "uiCurrent"
servo.c(97): warning:  #1-D: last line of file ends without a newline
compiling timer.c...
timer.h(4): warning:  #1-D: last line of file ends without a newline
compiling timer_interrupts.c...
timer_interrupts.h(1): warning:  #1295-D: Deprecated declaration Timer0IRQHandler - give arg types
timer_interrupts.h(2): warning:  #1-D: last line of file ends without a newline
timer_interrupts.c(50): warning:  #1-D: last line of file ends without a newline
".\Servo.axf" - 5 Errors, 18 Warning(s).
Target not created
Rebuild target 'Target 1'
assembling Startup.s...
compiling keyboard.c...
keyboard.h(4): warning:  #1-D: last line of file ends without a newline
compiling led.c...
led.h(7): warning:  #1-D: last line of file ends without a newline
led.c(67): warning:  #1-D: last line of file ends without a newline
compiling main.c...
led.h(7): warning:  #1-D: last line of file ends without a newline
keyboard.h(4): warning:  #1-D: last line of file ends without a newline
servo.h(19): warning:  #1-D: last line of file ends without a newline
timer_interrupts.h(1): warning:  #1295-D: Deprecated declaration Timer0IRQHandler - give arg types
timer_interrupts.h(2): warning:  #1-D: last line of file ends without a newline
compiling servo.c...
led.h(7): warning:  #1-D: last line of file ends without a newline
servo.h(19): warning:  #1-D: last line of file ends without a newline
timer_interrupts.h(1): warning:  #1295-D: Deprecated declaration Timer0IRQHandler - give arg types
timer_interrupts.h(2): warning:  #1-D: last line of file ends without a newline
servo.c(97): warning:  #1-D: last line of file ends without a newline
compiling timer.c...
timer.h(4): warning:  #1-D: last line of file ends without a newline
compiling timer_interrupts.c...
timer_interrupts.h(1): warning:  #1295-D: Deprecated declaration Timer0IRQHandler - give arg types
timer_interrupts.h(2): warning:  #1-D: last line of file ends without a newline
timer_interrupts.c(50): warning:  #1-D: last line of file ends without a newline
linking...
Program Size: Code=2100 RO-data=32 RW-data=8 ZI-data=1272  
".\Servo.axf" - 0 Errors, 17 Warning(s).
Rebuild target 'Target 1'
assembling Startup.s...
compiling keyboard.c...
keyboard.h(4): warning:  #1-D: last line of file ends without a newline
compiling led.c...
led.h(7): warning:  #1-D: last line of file ends without a newline
led.c(67): warning:  #1-D: last line of file ends without a newline
compiling main.c...
led.h(7): warning:  #1-D: last line of file ends without a newline
keyboard.h(4): warning:  #1-D: last line of file ends without a newline
servo.h(19): warning:  #1-D: last line of file ends without a newline
timer_interrupts.h(1): warning:  #1295-D: Deprecated declaration Timer0IRQHandler - give arg types
timer_interrupts.h(2): warning:  #1-D: last line of file ends without a newline
compiling servo.c...
led.h(7): warning:  #1-D: last line of file ends without a newline
servo.h(19): warning:  #1-D: last line of file ends without a newline
timer_interrupts.h(1): warning:  #1295-D: Deprecated declaration Timer0IRQHandler - give arg types
timer_interrupts.h(2): warning:  #1-D: last line of file ends without a newline
servo.c(97): warning:  #1-D: last line of file ends without a newline
compiling timer.c...
timer.h(4): warning:  #1-D: last line of file ends without a newline
compiling timer_interrupts.c...
timer_interrupts.h(1): warning:  #1295-D: Deprecated declaration Timer0IRQHandler - give arg types
timer_interrupts.h(2): warning:  #1-D: last line of file ends without a newline
timer_interrupts.c(50): warning:  #1-D: last line of file ends without a newline
linking...
Program Size: Code=2372 RO-data=32 RW-data=8 ZI-data=1272  
FromELF: creating hex file...
".\Servo.axf" - 0 Errors, 17 Warning(s).
Rebuild target 'Target 1'
assembling Startup.s...
compiling keyboard.c...
keyboard.h(4): warning:  #1-D: last line of file ends without a newline
compiling led.c...
led.h(7): warning:  #1-D: last line of file ends without a newline
led.c(67): warning:  #1-D: last line of file ends without a newline
compiling main.c...
led.h(7): warning:  #1-D: last line of file ends without a newline
keyboard.h(4): warning:  #1-D: last line of file ends without a newline
servo.h(19): warning:  #1-D: last line of file ends without a newline
timer_interrupts.h(1): warning:  #1295-D: Deprecated declaration Timer0IRQHandler - give arg types
timer_interrupts.h(2): warning:  #1-D: last line of file ends without a newline
compiling servo.c...
led.h(7): warning:  #1-D: last line of file ends without a newline
servo.h(19): warning:  #1-D: last line of file ends without a newline
timer_interrupts.h(1): warning:  #1295-D: Deprecated declaration Timer0IRQHandler - give arg types
timer_interrupts.h(2): warning:  #1-D: last line of file ends without a newline
servo.c(97): warning:  #1-D: last line of file ends without a newline
compiling timer.c...
timer.h(4): warning:  #1-D: last line of file ends without a newline
compiling timer_interrupts.c...
timer_interrupts.h(1): warning:  #1295-D: Deprecated declaration Timer0IRQHandler - give arg types
timer_interrupts.h(2): warning:  #1-D: last line of file ends without a newline
timer_interrupts.c(50): warning:  #1-D: last line of file ends without a newline
linking...
Program Size: Code=2372 RO-data=32 RW-data=8 ZI-data=1272  
FromELF: creating hex file...
".\Servo.axf" - 0 Errors, 17 Warning(s).
Rebuild target 'Target 1'
assembling Startup.s...
compiling keyboard.c...
keyboard.h(4): warning:  #1-D: last line of file ends without a newline
compiling led.c...
led.h(7): warning:  #1-D: last line of file ends without a newline
led.c(67): warning:  #1-D: last line of file ends without a newline
compiling main.c...
led.h(7): warning:  #1-D: last line of file ends without a newline
keyboard.h(4): warning:  #1-D: last line of file ends without a newline
servo.h(19): warning:  #1-D: last line of file ends without a newline
timer_interrupts.h(1): warning:  #1295-D: Deprecated declaration Timer0IRQHandler - give arg types
timer_interrupts.h(2): warning:  #1-D: last line of file ends without a newline
compiling servo.c...
led.h(7): warning:  #1-D: last line of file ends without a newline
servo.h(19): warning:  #1-D: last line of file ends without a newline
timer_interrupts.h(1): warning:  #1295-D: Deprecated declaration Timer0IRQHandler - give arg types
timer_interrupts.h(2): warning:  #1-D: last line of file ends without a newline
servo.c(97): warning:  #1-D: last line of file ends without a newline
compiling timer.c...
timer.h(4): warning:  #1-D: last line of file ends without a newline
compiling timer_interrupts.c...
timer_interrupts.h(1): warning:  #1295-D: Deprecated declaration Timer0IRQHandler - give arg types
timer_interrupts.h(2): warning:  #1-D: last line of file ends without a newline
timer_interrupts.c(50): warning:  #1-D: last line of file ends without a newline
linking...
Program Size: Code=2368 RO-data=32 RW-data=8 ZI-data=1272  
FromELF: creating hex file...
".\Servo.axf" - 0 Errors, 17 Warning(s).
